<!doctype html public "-//w3c//dtd html 4.0 transitional//en">
<html><head>
<title>Static Call Graph - [new\new.axf]</title></head>
<body><HR>
<H1>Static Call Graph for image new\new.axf</H1><HR>
<BR><P>#&#060CALLGRAPH&#062# ARM Linker, 5060960: Last Updated: Mon Nov 30 17:23:19 2020
<BR><P>
<H3>Maximum Stack Usage =        440 bytes + Unknown(Functions without stacksize, Cycles, Untraceable Function Pointers)</H3><H3>
Call chain for Maximum Stack Depth:</H3>
_cbDialog &rArr; calculate_result &rArr; adjust &rArr; __hardfp_pow &rArr; __kernel_poly &rArr; __aeabi_dmul &rArr; _double_epilogue &rArr; _double_round
<P>
<H3>
Functions with no stack information
</H3><UL>
 <LI><a href="#[91]">BUTTON_Callback</a>
 <LI><a href="#[d2]">BUTTON_CreateIndirect</a>
 <LI><a href="#[f]">BUTTON_DrawSkinFlex</a>
 <LI><a href="#[195]">BUTTON_SetText</a>
 <LI><a href="#[92]">EDIT_Callback</a>
 <LI><a href="#[d3]">EDIT_CreateIndirect</a>
 <LI><a href="#[1a7]">EDIT_SetFont</a>
 <LI><a href="#[3fe]">EDIT_SetText</a>
 <LI><a href="#[1a9]">EDIT_SetTextAlign</a>
 <LI><a href="#[1aa]">EDIT_SetTextColor</a>
 <LI><a href="#[93]">FRAMEWIN_Callback</a>
 <LI><a href="#[d1]">FRAMEWIN_CreateIndirect</a>
 <LI><a href="#[11]">FRAMEWIN_DrawSkinFlex</a>
 <LI><a href="#[1b6]">FRAMEWIN_GetActive</a>
 <LI><a href="#[1b0]">FRAMEWIN__CalcPositions</a>
 <LI><a href="#[1bf]">FRAMEWIN__CalcTitleHeight</a>
 <LI><a href="#[10]">FRAMEWIN__GetBorderSize</a>
 <LI><a href="#[1bd]">FRAMEWIN__GetTitleLimits</a>
 <LI><a href="#[1c6]">GL_SetDefault</a>
 <LI><a href="#[3a6]">GUICC_M1555I_SetCustColorConv</a>
 <LI><a href="#[3a8]">GUICC_M4444I_SetCustColorConv</a>
 <LI><a href="#[3a7]">GUICC_M565_SetCustColorConv</a>
 <LI><a href="#[3aa]">GUICC_M8888I_SetCustColorConv</a>
 <LI><a href="#[3a9]">GUICC_M888_SetCustColorConv</a>
 <LI><a href="#[127]">GUIMONO_DispChar</a>
 <LI><a href="#[128]">GUIMONO_GetCharDistX</a>
 <LI><a href="#[129]">GUIMONO_GetFontInfo</a>
 <LI><a href="#[12a]">GUIMONO_IsInFont</a>
 <LI><a href="#[132]">GUIPROP_DispChar</a>
 <LI><a href="#[133]">GUIPROP_GetCharDistX</a>
 <LI><a href="#[134]">GUIPROP_GetFontInfo</a>
 <LI><a href="#[135]">GUIPROP_IsInFont</a>
 <LI><a href="#[1cd]">GUI_ALLOC_AllocNoInit</a>
 <LI><a href="#[1cf]">GUI_ALLOC_AllocZero</a>
 <LI><a href="#[2f4]">GUI_ALLOC_AssignMemory</a>
 <LI><a href="#[1d0]">GUI_ALLOC_Free</a>
 <LI><a href="#[1ea]">GUI_ALLOC_FreeFixedBlock</a>
 <LI><a href="#[17e]">GUI_ALLOC_FreePtr</a>
 <LI><a href="#[17f]">GUI_ALLOC_FreePtrArray</a>
 <LI><a href="#[1d2]">GUI_ALLOC_GetFixedBlock</a>
 <LI><a href="#[1d5]">GUI_ALLOC_GetMaxSize</a>
 <LI><a href="#[267]">GUI_ALLOC_GetSize</a>
 <LI><a href="#[17b]">GUI_ALLOC_LockH</a>
 <LI><a href="#[1a2]">GUI_ALLOC_Realloc</a>
 <LI><a href="#[1d6]">GUI_ALLOC_RequestSize</a>
 <LI><a href="#[17c]">GUI_ALLOC_UnlockH</a>
 <LI><a href="#[1e6]">GUI_ALLOC_h2p</a>
 <LI><a href="#[1d7]">GUI_CURSOR_SetPositionEx</a>
 <LI><a href="#[2c2]">GUI_CalcColorDist</a>
 <LI><a href="#[1c4]">GUI_Clear</a>
 <LI><a href="#[1de]">GUI_ClearRect</a>
 <LI><a href="#[1df]">GUI_ClearRectEx</a>
 <LI><a href="#[1e0]">GUI_CreateDialogBox</a>
 <LI><a href="#[1e7]">GUI_DEVICE_Create</a>
 <LI><a href="#[1e8]">GUI_DEVICE_CreateAndLink</a>
 <LI><a href="#[1e9]">GUI_DEVICE_Delete</a>
 <LI><a href="#[217]">GUI_DEVICE_Link</a>
 <LI><a href="#[274]">GUI_DEVICE_Unlink</a>
 <LI><a href="#[21d]">GUI_DEVICE__GetpDriver</a>
 <LI><a href="#[18f]">GUI_DRAW__Draw</a>
 <LI><a href="#[1f1]">GUI_DispStringAt</a>
 <LI><a href="#[18d]">GUI_DispStringInRect</a>
 <LI><a href="#[1f5]">GUI_DispStringInRectWrap</a>
 <LI><a href="#[188]">GUI_DrawGradientV</a>
 <LI><a href="#[192]">GUI_DrawHLine</a>
 <LI><a href="#[1b9]">GUI_DrawPixel</a>
 <LI><a href="#[187]">GUI_DrawRect</a>
 <LI><a href="#[193]">GUI_DrawVLine</a>
 <LI><a href="#[1fa]">GUI_Exec</a>
 <LI><a href="#[194]">GUI_FillRect</a>
 <LI><a href="#[1b8]">GUI_FillRectEx</a>
 <LI><a href="#[245]">GUI_GetBitmapPixelIndex</a>
 <LI><a href="#[237]">GUI_GetBitsPerPixelEx</a>
 <LI><a href="#[1cc]">GUI_GetBkColor</a>
 <LI><a href="#[260]">GUI_GetCharDistX</a>
 <LI><a href="#[261]">GUI_GetCharDistXEx</a>
 <LI><a href="#[18a]">GUI_GetClientRect</a>
 <LI><a href="#[1cb]">GUI_GetColor</a>
 <LI><a href="#[1d8]">GUI_GetCursorLayer</a>
 <LI><a href="#[3a5]">GUI_GetDrawMode</a>
 <LI><a href="#[1ec]">GUI_GetFontDistY</a>
 <LI><a href="#[200]">GUI_GetLayerPosEx</a>
 <LI><a href="#[223]">GUI_GetOrg</a>
 <LI><a href="#[19a]">GUI_GetStringDistX</a>
 <LI><a href="#[202]">GUI_GetTime</a>
 <LI><a href="#[257]">GUI_GetVersionString</a>
 <LI><a href="#[1ed]">GUI_GetYAdjust</a>
 <LI><a href="#[1be]">GUI_GetYSizeOfFont</a>
 <LI><a href="#[239]">GUI_GetpfColor2IndexEx</a>
 <LI><a href="#[238]">GUI_GetpfIndex2ColorEx</a>
 <LI><a href="#[1db]">GUI_GotoXY</a>
 <LI><a href="#[204]">GUI_Init</a>
 <LI><a href="#[210]">GUI_MEMDEV_Clear</a>
 <LI><a href="#[211]">GUI_MEMDEV_CopyToLCD</a>
 <LI><a href="#[21b]">GUI_MEMDEV_CreateEx</a>
 <LI><a href="#[21e]">GUI_MEMDEV_Delete</a>
 <LI><a href="#[220]">GUI_MEMDEV_Draw</a>
 <LI><a href="#[22b]">GUI_MEMDEV_GetBitsPerPixel</a>
 <LI><a href="#[22d]">GUI_MEMDEV_GetDataPtr</a>
 <LI><a href="#[224]">GUI_MEMDEV_GetYSize</a>
 <LI><a href="#[a1]">GUI_MEMDEV_Paint1Static</a>
 <LI><a href="#[226]">GUI_MEMDEV_ReduceYSize</a>
 <LI><a href="#[225]">GUI_MEMDEV_Select</a>
 <LI><a href="#[227]">GUI_MEMDEV_SetOrg</a>
 <LI><a href="#[230]">GUI_MEMDEV_Write</a>
 <LI><a href="#[21c]">GUI_MEMDEV__CreateFixed</a>
 <LI><a href="#[b6]">GUI_MEMDEV__WriteToActiveAlpha</a>
 <LI><a href="#[234]">GUI_MEMDEV__WriteToActiveAt</a>
 <LI><a href="#[b5]">GUI_MEMDEV__WriteToActiveOpaque</a>
 <LI><a href="#[33c]">GUI_MULTIBUF_ConfirmEx</a>
 <LI><a href="#[2b2]">GUI_MergeRect</a>
 <LI><a href="#[18b]">GUI_MoveRect</a>
 <LI><a href="#[29f]">GUI_PID_GetState</a>
 <LI><a href="#[29e]">GUI_PID_IsEmpty</a>
 <LI><a href="#[23c]">GUI_PID_StoreState</a>
 <LI><a href="#[23f]">GUI_PollKeyMsg</a>
 <LI><a href="#[241]">GUI_ReadRectEx</a>
 <LI><a href="#[286]">GUI_RectsIntersect</a>
 <LI><a href="#[243]">GUI_RestoreContext</a>
 <LI><a href="#[1da]">GUI_SPRITE_SetPosition</a>
 <LI><a href="#[248]">GUI_SaveContext_W</a>
 <LI><a href="#[21a]">GUI_SelectLCD</a>
 <LI><a href="#[214]">GUI_SelectLayer</a>
 <LI><a href="#[24a]">GUI_SetBkColor</a>
 <LI><a href="#[186]">GUI_SetColor</a>
 <LI><a href="#[213]">GUI_SetDrawMode</a>
 <LI><a href="#[189]">GUI_SetFont</a>
 <LI><a href="#[3ab]">GUI_SetFuncDrawAlpha</a>
 <LI><a href="#[1d9]">GUI_SetLayerPosEx</a>
 <LI><a href="#[20e]">GUI_SetOrg</a>
 <LI><a href="#[18c]">GUI_SetTextMode</a>
 <LI><a href="#[23d]">GUI_SignalEvent</a>
 <LI><a href="#[181]">GUI_StoreKey</a>
 <LI><a href="#[24c]">GUI_TIMER_Delete</a>
 <LI><a href="#[24d]">GUI_TIMER_GetFlag</a>
 <LI><a href="#[24e]">GUI_TIMER_Restart</a>
 <LI><a href="#[250]">GUI_TIMER_SetPeriod</a>
 <LI><a href="#[251]">GUI_TIMER__GetFirstTimer</a>
 <LI><a href="#[252]">GUI_TIMER__GetNextTimerLin</a>
 <LI><a href="#[1a1]">GUI_UC_Encode</a>
 <LI><a href="#[19f]">GUI_UC_GetCharCode</a>
 <LI><a href="#[1a4]">GUI_UC_GetCharSize</a>
 <LI><a href="#[1a0]">GUI_UC__CalcSizeOfChar</a>
 <LI><a href="#[25f]">GUI_UC__GetCharCodeInc</a>
 <LI><a href="#[2c7]">GUI_UC__NumBytes2NumChars</a>
 <LI><a href="#[19d]">GUI_UC__NumChars2NumBytes</a>
 <LI><a href="#[2c3]">GUI_USAGE_AddRect</a>
 <LI><a href="#[235]">GUI_USAGE_BM_Create</a>
 <LI><a href="#[21f]">GUI_USAGE_DecUseCnt</a>
 <LI><a href="#[253]">GUI__AllocAlphaBuffer</a>
 <LI><a href="#[22e]">GUI__AlphaPreserveTrans</a>
 <LI><a href="#[256]">GUI__CalcTextRect</a>
 <LI><a href="#[23a]">GUI__CompactPixelIndices</a>
 <LI><a href="#[2cd]">GUI__CompactPixelIndicesEx</a>
 <LI><a href="#[205]">GUI__Config</a>
 <LI><a href="#[1f0]">GUI__DispLine</a>
 <LI><a href="#[1f4]">GUI__DispStringInRect</a>
 <LI><a href="#[25c]">GUI__DoAlphaBlending</a>
 <LI><a href="#[1b7]">GUI__DrawTwinArc2</a>
 <LI><a href="#[191]">GUI__DrawTwinArc4</a>
 <LI><a href="#[25d]">GUI__ExpandPixelIndicesEx</a>
 <LI><a href="#[2cc]">GUI__GetCursorCharacter</a>
 <LI><a href="#[19c]">GUI__GetCursorPosChar</a>
 <LI><a href="#[2cb]">GUI__GetCursorPosX</a>
 <LI><a href="#[1ef]">GUI__GetLineDistX</a>
 <LI><a href="#[1ee]">GUI__GetLineNumChars</a>
 <LI><a href="#[19b]">GUI__GetNumChars</a>
 <LI><a href="#[25b]">GUI__HandleEOLine</a>
 <LI><a href="#[295]">GUI__IntersectRect</a>
 <LI><a href="#[1f3]">GUI__IntersectRects</a>
 <LI><a href="#[262]">GUI__InvertRectColors</a>
 <LI><a href="#[266]">GUI__ManageCache</a>
 <LI><a href="#[c]">GUI__MixColors</a>
 <LI><a href="#[d]">GUI__MixColorsBulk</a>
 <LI><a href="#[282]">GUI__ReduceRect</a>
 <LI><a href="#[23e]">GUI__RegisterExit</a>
 <LI><a href="#[184]">GUI__SetText</a>
 <LI><a href="#[1f7]">GUI__WrapGetNumBytesToNextLine</a>
 <LI><a href="#[1f8]">GUI__WrapGetNumCharsDisp</a>
 <LI><a href="#[268]">GUI__memset</a>
 <LI><a href="#[2c4]">GUI__memset16</a>
 <LI><a href="#[25e]">GUI__sqrt32</a>
 <LI><a href="#[1f]">LCD_AA_MixColors16</a>
 <LI><a href="#[255]">LCD_AA_SetOrMask</a>
 <LI><a href="#[264]">LCD_Color2Index</a>
 <LI><a href="#[e0]">LCD_Color2Index_8666</a>
 <LI><a href="#[1c9]">LCD_DrawBitmap</a>
 <LI><a href="#[116]">LCD_DrawHLine</a>
 <LI><a href="#[117]">LCD_DrawPixel</a>
 <LI><a href="#[1f9]">LCD_DrawVLine</a>
 <LI><a href="#[1ca]">LCD_FillRect</a>
 <LI><a href="#[269]">LCD_GetBitsPerPixelEx</a>
 <LI><a href="#[1fc]">LCD_GetBkColorIndex</a>
 <LI><a href="#[1ff]">LCD_GetColorIndex</a>
 <LI><a href="#[26a]">LCD_GetMirrorXEx</a>
 <LI><a href="#[26b]">LCD_GetMirrorYEx</a>
 <LI><a href="#[26c]">LCD_GetNumColors</a>
 <LI><a href="#[26d]">LCD_GetNumColorsEx</a>
 <LI><a href="#[26e]">LCD_GetNumLayers</a>
 <LI><a href="#[26f]">LCD_GetPalette</a>
 <LI><a href="#[263]">LCD_GetPixelIndex</a>
 <LI><a href="#[201]">LCD_GetPosEx</a>
 <LI><a href="#[270]">LCD_GetSwapXYEx</a>
 <LI><a href="#[229]">LCD_GetVXSizeEx</a>
 <LI><a href="#[254]">LCD_GetVXSizeMax</a>
 <LI><a href="#[22a]">LCD_GetVYSizeEx</a>
 <LI><a href="#[231]">LCD_GetXSize</a>
 <LI><a href="#[209]">LCD_GetXSizeDisplay</a>
 <LI><a href="#[221]">LCD_GetXSizeEx</a>
 <LI><a href="#[20b]">LCD_GetXSizeMax</a>
 <LI><a href="#[232]">LCD_GetYSize</a>
 <LI><a href="#[20a]">LCD_GetYSizeDisplay</a>
 <LI><a href="#[222]">LCD_GetYSizeEx</a>
 <LI><a href="#[20c]">LCD_GetYSizeMax</a>
 <LI><a href="#[b]">LCD_GetpPalConvTableBM</a>
 <LI><a href="#[1fd]">LCD_Index2Color</a>
 <LI><a href="#[fa]">LCD_Index2Color_565</a>
 <LI><a href="#[e1]">LCD_Index2Color_8666</a>
 <LI><a href="#[ff]">LCD_Index2Color_888</a>
 <LI><a href="#[104]">LCD_Index2Color_8888</a>
 <LI><a href="#[109]">LCD_Index2Color_M565</a>
 <LI><a href="#[99]">LCD_Index2Color_M888</a>
 <LI><a href="#[9a]">LCD_Index2Color_M8888I</a>
 <LI><a href="#[271]">LCD_InitColors</a>
 <LI><a href="#[272]">LCD_InitLUT</a>
 <LI><a href="#[249]">LCD_SelectLCD</a>
 <LI><a href="#[1c3]">LCD_SetBkColor</a>
 <LI><a href="#[27b]">LCD_SetBkColorIndex</a>
 <LI><a href="#[275]">LCD_SetClipRectEx</a>
 <LI><a href="#[219]">LCD_SetClipRectMax</a>
 <LI><a href="#[1c7]">LCD_SetColor</a>
 <LI><a href="#[27a]">LCD_SetColorIndex</a>
 <LI><a href="#[276]">LCD_SetDevFunc</a>
 <LI><a href="#[20d]">LCD_SetDisplaySize</a>
 <LI><a href="#[1c8]">LCD_SetDrawMode</a>
 <LI><a href="#[273]">LCD_SetLUTEntryEx</a>
 <LI><a href="#[265]">LCD_SetPixelIndex</a>
 <LI><a href="#[24b]">LCD_SetPosEx</a>
 <LI><a href="#[277]">LCD_SetSizeEx</a>
 <LI><a href="#[278]">LCD_SetVRAMAddrEx</a>
 <LI><a href="#[279]">LCD_SetVSizeEx</a>
 <LI><a href="#[218]">LCD_UpdateColorIndices</a>
 <LI><a href="#[23b]">LCD__DrawBitmap_1bpp</a>
 <LI><a href="#[22c]">LCD__GetBPPDevice</a>
 <LI><a href="#[9c]">TEXT_Callback</a>
 <LI><a href="#[d4]">TEXT_CreateIndirect</a>
 <LI><a href="#[27d]">TEXT_SetFont</a>
 <LI><a href="#[27e]">TEXT_SetText</a>
 <LI><a href="#[27f]">TEXT_SetTextColor</a>
 <LI><a href="#[180]">WIDGET_AndState</a>
 <LI><a href="#[178]">WIDGET_HandleActive</a>
 <LI><a href="#[17a]">WIDGET_OrState</a>
 <LI><a href="#[283]">WIDGET__EFFECT_DrawDown</a>
 <LI><a href="#[285]">WIDGET__FillStringInRect</a>
 <LI><a href="#[287]">WIDGET__GetInsideRect</a>
 <LI><a href="#[183]">WIDGET__Init</a>
 <LI><a href="#[215]">WM_Activate</a>
 <LI><a href="#[288]">WM_BringToBottom</a>
 <LI><a href="#[1ae]">WM_BringToTop</a>
 <LI><a href="#[182]">WM_CreateWindowAsChild</a>
 <LI><a href="#[216]">WM_Deactivate</a>
 <LI><a href="#[179]">WM_DefaultProc</a>
 <LI><a href="#[1a6]">WM_DeleteWindow</a>
 <LI><a href="#[1b5]">WM_DisableMemdev</a>
 <LI><a href="#[1fb]">WM_Exec</a>
 <LI><a href="#[28d]">WM_ForEachDesc</a>
 <LI><a href="#[29d]">WM_GetActiveWindow</a>
 <LI><a href="#[1fe]">WM_GetClientRect</a>
 <LI><a href="#[1e1]">WM_GetClientWindow</a>
 <LI><a href="#[1e3]">WM_GetDesktopWindow</a>
 <LI><a href="#[2b4]">WM_GetDesktopWindowEx</a>
 <LI><a href="#[299]">WM_GetDialogItem</a>
 <LI><a href="#[1c0]">WM_GetFirstChild</a>
 <LI><a href="#[1e5]">WM_GetFocusedWindow</a>
 <LI><a href="#[27c]">WM_GetHasTrans</a>
 <LI><a href="#[29b]">WM_GetId</a>
 <LI><a href="#[1c1]">WM_GetNextSibling</a>
 <LI><a href="#[1c2]">WM_GetParent</a>
 <LI><a href="#[22f]">WM_GetWindowOrgX</a>
 <LI><a href="#[29c]">WM_GetWindowRectEx</a>
 <LI><a href="#[199]">WM_GetWindowSizeX</a>
 <LI><a href="#[1bc]">WM_GetWindowSizeY</a>
 <LI><a href="#[95]">WM_HandlePID</a>
 <LI><a href="#[2b7]">WM_HasCaptured</a>
 <LI><a href="#[1b3]">WM_HasFocus</a>
 <LI><a href="#[20f]">WM_Init</a>
 <LI><a href="#[185]">WM_InvalidateWindow</a>
 <LI><a href="#[2aa]">WM_InvalidateWindowAndDescsEx</a>
 <LI><a href="#[2ab]">WM_IsFocusable</a>
 <LI><a href="#[1b2]">WM_IsWindow</a>
 <LI><a href="#[2ad]">WM_MoveWindow</a>
 <LI><a href="#[17d]">WM_NotifyParent</a>
 <LI><a href="#[240]">WM_OnKey</a>
 <LI><a href="#[2a2]">WM_PID__SetPrevState</a>
 <LI><a href="#[2a6]">WM_ReleaseCapture</a>
 <LI><a href="#[2b0]">WM_ResizeWindow</a>
 <LI><a href="#[198]">WM_RestartTimer</a>
 <LI><a href="#[2a4]">WM_Screen2hWin</a>
 <LI><a href="#[197]">WM_SelectWindow</a>
 <LI><a href="#[298]">WM_SendMessage</a>
 <LI><a href="#[1e4]">WM_SendMessageNoPara</a>
 <LI><a href="#[290]">WM_SendToParent</a>
 <LI><a href="#[2b6]">WM_SetCapture</a>
 <LI><a href="#[1af]">WM_SetCaptureMove</a>
 <LI><a href="#[1ab]">WM_SetFocus</a>
 <LI><a href="#[1b4]">WM_SetFocusOnNextChild</a>
 <LI><a href="#[1c5]">WM_SetFocusOnPrevChild</a>
 <LI><a href="#[190]">WM_SetHasTrans</a>
 <LI><a href="#[233]">WM_SetSize</a>
 <LI><a href="#[1f2]">WM_SetUserClipRect</a>
 <LI><a href="#[1e2]">WM_ShowWindow</a>
 <LI><a href="#[2bb]">WM_ValidateWindow</a>
 <LI><a href="#[2bc]">WM__ActivateClipRect</a>
 <LI><a href="#[2a0]">WM__AddCriticalHandle</a>
 <LI><a href="#[292]">WM__DeleteAssocTimer</a>
 <LI><a href="#[297]">WM__ForEachDesc</a>
 <LI><a href="#[28f]">WM__GetClientRectEx</a>
 <LI><a href="#[281]">WM__GetClientRectWin</a>
 <LI><a href="#[2b8]">WM__GetFocusedChild</a>
 <LI><a href="#[2ba]">WM__GetLastSibling</a>
 <LI><a href="#[1dd]">WM__GetNextIVR</a>
 <LI><a href="#[289]">WM__GetPrevSibling</a>
 <LI><a href="#[2b9]">WM__GetTopLevelLayer</a>
 <LI><a href="#[1ba]">WM__GetWindowSizeX</a>
 <LI><a href="#[1bb]">WM__GetWindowSizeY</a>
 <LI><a href="#[1dc]">WM__InitIVRSearch</a>
 <LI><a href="#[28c]">WM__InsertWindowIntoList</a>
 <LI><a href="#[2a8]">WM__InvalidateDrawAndDescs</a>
 <LI><a href="#[2af]">WM__InvalidateParent</a>
 <LI><a href="#[293]">WM__InvalidateRect</a>
 <LI><a href="#[28a]">WM__InvalidateRectEx</a>
 <LI><a href="#[1ad]">WM__IsAncestor</a>
 <LI><a href="#[1ac]">WM__IsAncestorOrSelf</a>
 <LI><a href="#[18e]">WM__IsEnabled</a>
 <LI><a href="#[2ac]">WM__IsWindow</a>
 <LI><a href="#[a2]">WM__Paint1</a>
 <LI><a href="#[2a3]">WM__RemoveCriticalHandle</a>
 <LI><a href="#[28b]">WM__RemoveWindowFromList</a>
 <LI><a href="#[284]">WM__Screen2Client</a>
 <LI><a href="#[1b1]">WM__SendMessage</a>
 <LI><a href="#[2a5]">WM__SendMessageIfEnabled</a>
 <LI><a href="#[228]">WM__SendMessageNoPara</a>
 <LI><a href="#[2b3]">WM__SendMsgNoData</a>
 <LI><a href="#[2a1]">WM__SendTouchMessage</a>
 <LI><a href="#[280]">WM__UpdateChildPositions</a>
 <LI><a href="#[208]">emWin_LCD_Init</a>
 <LI><a href="#[d5]">_Color2Index_1616I</a>
 <LI><a href="#[d6]">_Index2Color_1616I</a>
 <LI><a href="#[d7]">_GetIndexMask_1616I</a>
 <LI><a href="#[d8]">_Color2IndexBulk_1616I</a>
 <LI><a href="#[d9]">_Index2ColorBulk_1616I</a>
 <LI><a href="#[da]">_Color2Index_822216</a>
 <LI><a href="#[db]">_Index2Color_822216</a>
 <LI><a href="#[dc]">_GetIndexMask_822216</a>
 <LI><a href="#[dd]">_Color2Index_84444</a>
 <LI><a href="#[df]">_GetIndexMask_84444</a>
 <LI><a href="#[de]">_Index2Color_84444</a>
 <LI><a href="#[e2]">_GetIndexMask_8666</a>
 <LI><a href="#[e5]">_GetIndexMask_8666_1</a>
 <LI><a href="#[e3]">_Color2Index_8666_1</a>
 <LI><a href="#[e4]">_Index2Color_8666_1</a>
 <LI><a href="#[e6]">_Color2Index_88666I</a>
 <LI><a href="#[e7]">_Index2Color_88666I</a>
 <LI><a href="#[e8]">_GetIndexMask_88666I</a>
 <LI><a href="#[e9]">_Color2IndexBulk_88666I</a>
 <LI><a href="#[ea]">_Index2ColorBulk_88666I</a>
 <LI><a href="#[eb]">_Color2Index_M1555I</a>
 <LI><a href="#[ec]">_Index2Color_M1555I</a>
 <LI><a href="#[ed]">_GetIndexMask_M1555I</a>
 <LI><a href="#[ee]">_Color2IndexBulk_M1555I</a>
 <LI><a href="#[ef]">_Index2ColorBulk_M1555I</a>
 <LI><a href="#[f0]">_Color2Index_M4444I</a>
 <LI><a href="#[f1]">_Index2Color_M4444I</a>
 <LI><a href="#[f2]">_GetIndexMask_M4444I</a>
 <LI><a href="#[f3]">_Color2IndexBulk_M4444I</a>
 <LI><a href="#[f4]">_Index2ColorBulk_M4444I</a>
 <LI><a href="#[f5]">_Color2Index_M8888I</a>
 <LI><a href="#[f6]">_GetIndexMask_M8888I</a>
 <LI><a href="#[f7]">_Color2IndexBulk_M8888I</a>
 <LI><a href="#[f8]">_Index2ColorBulk_M8888I</a>
 <LI><a href="#[f9]">_Color2Index_565</a>
 <LI><a href="#[fb]">_GetIndexMask_565</a>
 <LI><a href="#[fc]">_Color2IndexBulk</a>
 <LI><a href="#[fd]">_Index2ColorBulk</a>
 <LI><a href="#[fe]">_Color2Index_888</a>
 <LI><a href="#[100]">_GetIndexMask_888</a>
 <LI><a href="#[101]">_Color2IndexBulk</a>
 <LI><a href="#[102]">_Index2ColorBulk</a>
 <LI><a href="#[103]">_Color2Index_8888</a>
 <LI><a href="#[105]">_GetIndexMask_8888</a>
 <LI><a href="#[106]">_Color2IndexBulk</a>
 <LI><a href="#[107]">_Index2ColorBulk</a>
 <LI><a href="#[108]">_Color2Index_M565</a>
 <LI><a href="#[10a]">_GetIndexMask_M565</a>
 <LI><a href="#[10b]">_Color2IndexBulk</a>
 <LI><a href="#[10c]">_Index2ColorBulk</a>
 <LI><a href="#[10d]">_Color2Index_M888</a>
 <LI><a href="#[10e]">_GetIndexMask_M888</a>
 <LI><a href="#[10f]">_Color2IndexBulk</a>
 <LI><a href="#[110]">_Index2ColorBulk</a>
 <LI><a href="#[111]">_Color2Index_M8888</a>
 <LI><a href="#[113]">_GetIndexMask_M8888</a>
 <LI><a href="#[114]">_Color2IndexBulk</a>
 <LI><a href="#[115]">_Index2ColorBulk</a>
 <LI><a href="#[112]">_Index2Color_M8888</a>
 <LI><a href="#[1d1]">_AddFreeMemory</a>
 <LI><a href="#[1d4]">_RemoveHoles</a>
 <LI><a href="#[1ce]">_Alloc</a>
 <LI><a href="#[1d3]">_EnlargeBlocks</a>
 <LI><a href="#[207]">_InitContext</a>
 <LI><a href="#[98]">_OnExit</a>
 <LI><a href="#[96]">_OnExit</a>
 <LI><a href="#[97]">_OnExit</a>
 <LI><a href="#[119]">_SetBkColor</a>
 <LI><a href="#[118]">_SetColor</a>
 <LI><a href="#[11a]">_SetDrawMode</a>
 <LI><a href="#[126]">_GetRect</a>
 <LI><a href="#[120]">_SetPixelIndex</a>
 <LI><a href="#[11f]">_GetPixelIndex</a>
 <LI><a href="#[121]">_XorPixel</a>
 <LI><a href="#[124]">_GetDevProp</a>
 <LI><a href="#[125]">_GetDevData</a>
 <LI><a href="#[a8]">_ReadRect</a>
 <LI><a href="#[123]">_GetDevFunc</a>
 <LI><a href="#[a3]">_SetVRAMAddr</a>
 <LI><a href="#[a4]">_SetVis</a>
 <LI><a href="#[a5]">_GetPos</a>
 <LI><a href="#[a6]">_SetPos</a>
 <LI><a href="#[a7]">_SetAlpha</a>
 <LI><a href="#[a9]">_SetVRAM_BufferPTR</a>
 <LI><a href="#[aa]">_ShowBuffer</a>
 <LI><a href="#[ab]">_CopyBuffer</a>
 <LI><a href="#[ac]">_SetDevFunc</a>
 <LI><a href="#[ad]">_SetChroma</a>
 <LI><a href="#[ae]">_SetChromaMode</a>
 <LI><a href="#[af]">_SetAlphaMode</a>
 <LI><a href="#[b0]">_Off</a>
 <LI><a href="#[b1]">_On</a>
 <LI><a href="#[b2]">_Init</a>
 <LI><a href="#[b3]">_SetSize</a>
 <LI><a href="#[b4]">_SetVSize</a>
 <LI><a href="#[122]">_SetOrg</a>
 <LI><a href="#[11e]">_FillRect</a>
 <LI><a href="#[11c]">_DrawHLine</a>
 <LI><a href="#[11d]">_DrawVLine</a>
 <LI><a href="#[11b]">_DrawBitmap</a>
 <LI><a href="#[a0]">_OnExit</a>
 <LI><a href="#[2c6]">_Findy1</a>
 <LI><a href="#[2c5]">_Findx0</a>
 <LI><a href="#[2be]">_Findx1</a>
 <LI><a href="#[2c1]">_Paint1Trans</a>
 <LI><a href="#[2c0]">_PaintTransChildren</a>
 <LI><a href="#[2bd]">_Findx0.constprop.10</a>
 <LI><a href="#[2bf]">_Findy1.constprop.11</a>
 <LI><a href="#[296]">WM__PaintWinAndOverlays</a>
 <LI><a href="#[9e]">_cbPaintMemDev</a>
 <LI><a href="#[2a7]">_Invalidate1Abs</a>
 <LI><a href="#[28e]">WM_InvalidateRect.part.2</a>
 <LI><a href="#[9f]">_cbBackWin</a>
 <LI><a href="#[291]">WM_DeleteWindow.part.3</a>
 <LI><a href="#[294]">_Exec1Input</a>
 <LI><a href="#[2b1]">WM_ResizeWindow.part.11</a>
 <LI><a href="#[2a9]">WM_InvalidateWindowAndDescs.part.14</a>
 <LI><a href="#[2c9]">_GetDialogItem.part.5</a>
 <LI><a href="#[2c8]">_GetDialogItem</a>
 <LI><a href="#[29a]">__GetDialogItem</a>
 <LI><a href="#[e]">_OnTouchDefault</a>
 <LI><a href="#[196]">_Paint</a>
 <LI><a href="#[1a8]">EDIT_SetText.part.5</a>
 <LI><a href="#[94]">FRAMEWIN__cbClient</a>
 <LI><a href="#[12b]">_Color2Index_16</a>
 <LI><a href="#[12c]">_Index2Color_16</a>
 <LI><a href="#[12d]">_GetIndexMask_16</a>
 <LI><a href="#[12]">_Log2VisBuffered</a>
 <LI><a href="#[25a]">_DispLine</a>
 <LI><a href="#[1eb]">GUI_DispString.part.0</a>
 <LI><a href="#[1f6]">GUI_DispStringInRectWrap.part.1</a>
 <LI><a href="#[12e]">_GetCharCode</a>
 <LI><a href="#[12f]">_GetCharSize</a>
 <LI><a href="#[130]">_CalcSizeOfChar</a>
 <LI><a href="#[131]">_Encode</a>
 <LI><a href="#[13]">_GetCursorPosX</a>
 <LI><a href="#[15]">_GetCursorCharacter</a>
 <LI><a href="#[14]">_GetCursorPosChar</a>
 <LI><a href="#[9b]">_OnExit</a>
 <LI><a href="#[242]">LCD_ReadRectEx</a>
 <LI><a href="#[212]">GUI_MEMDEV_CopyToLCDAt.part.0</a>
 <LI><a href="#[140]">_GetDevData</a>
 <LI><a href="#[13e]">_GetDevFunc</a>
 <LI><a href="#[13d]">_SetOrg</a>
 <LI><a href="#[141]">_GetRect</a>
 <LI><a href="#[136]">_DrawBitmap</a>
 <LI><a href="#[13f]">_GetDevProp</a>
 <LI><a href="#[13a]">_GetPixelIndex</a>
 <LI><a href="#[13b]">_SetPixelIndex</a>
 <LI><a href="#[13c]">_XorPixel</a>
 <LI><a href="#[139]">_FillRect</a>
 <LI><a href="#[137]">_DrawHLine</a>
 <LI><a href="#[138]">_DrawVLine</a>
 <LI><a href="#[9d]">_cbInvalidateOne</a>
 <LI><a href="#[2ae]">_MoveDescendents</a>
 <LI><a href="#[19]">_Create</a>
 <LI><a href="#[18]">_Paint</a>
 <LI><a href="#[1c]">_GetBorderSize</a>
 <LI><a href="#[1b]">_Create</a>
 <LI><a href="#[1a]">_Paint</a>
 <LI><a href="#[144]">_GetIndexMask_0</a>
 <LI><a href="#[143]">_Index2Color_0</a>
 <LI><a href="#[142]">_Color2Index_0</a>
 <LI><a href="#[24f]">_Link</a>
 <LI><a href="#[1d]">_GetWordWrap</a>
 <LI><a href="#[1e]">_GetCharWrap</a>
 <LI><a href="#[14f]">_GetDevData</a>
 <LI><a href="#[14d]">_GetDevFunc</a>
 <LI><a href="#[14e]">_GetDevProp</a>
 <LI><a href="#[14c]">_SetOrg</a>
 <LI><a href="#[150]">_GetRect</a>
 <LI><a href="#[145]">_DrawBitmap</a>
 <LI><a href="#[149]">_GetPixelIndex</a>
 <LI><a href="#[14a]">_SetPixelIndex</a>
 <LI><a href="#[14b]">_XorPixel</a>
 <LI><a href="#[148]">_FillRect</a>
 <LI><a href="#[146]">_DrawHLine</a>
 <LI><a href="#[147]">_DrawVLine</a>
 <LI><a href="#[151]">GUI_USAGE_BM_AddPixel</a>
 <LI><a href="#[155]">GUI_USAGE_BM_GetNextDirty</a>
 <LI><a href="#[154]">_GUI_USAGE_BM_Delete</a>
 <LI><a href="#[153]">GUI_USAGE_BM_Clear</a>
 <LI><a href="#[152]">GUI_USAGE_BM_AddHLine</a>
 <LI><a href="#[2b5]">_Screen2hWin</a>
 <LI><a href="#[159]">_DrawDownRect</a>
 <LI><a href="#[156]">_DrawUp</a>
 <LI><a href="#[157]">_DrawUpRect</a>
 <LI><a href="#[158]">_DrawDown</a>
 <LI><a href="#[244]">_CreateBuffer.isra.4</a>
 <LI><a href="#[246]">_SetBkIndexBuffered</a>
 <LI><a href="#[247]">_ReleaseBuffer.isra.7</a>
 <LI><a href="#[236]">_WriteToActiveAlpha</a>
</UL>
</UL>
<P>
<H3>
Mutually Recursive functions
</H3> <LI><a href="#[29]">SysTick_Handler</a>&nbsp;&nbsp;&nbsp;&rArr;&nbsp;&nbsp;&nbsp;<a href="#[29]">SysTick_Handler</a><BR>
 <LI><a href="#[3c]">ADC_IRQHandler</a>&nbsp;&nbsp;&nbsp;&rArr;&nbsp;&nbsp;&nbsp;<a href="#[3c]">ADC_IRQHandler</a><BR>
 <LI><a href="#[1b1]">WM__SendMessage</a>&nbsp;&nbsp;&nbsp;&rArr;&nbsp;&nbsp;&nbsp;<a href="#[179]">WM_DefaultProc</a><BR>
 <LI><a href="#[293]">WM__InvalidateRect</a>&nbsp;&nbsp;&nbsp;&rArr;&nbsp;&nbsp;&nbsp;<a href="#[293]">WM__InvalidateRect</a><BR>
 <LI><a href="#[2aa]">WM_InvalidateWindowAndDescsEx</a>&nbsp;&nbsp;&nbsp;&rArr;&nbsp;&nbsp;&nbsp;<a href="#[2aa]">WM_InvalidateWindowAndDescsEx</a><BR>
 <LI><a href="#[2a8]">WM__InvalidateDrawAndDescs</a>&nbsp;&nbsp;&nbsp;&rArr;&nbsp;&nbsp;&nbsp;<a href="#[2a8]">WM__InvalidateDrawAndDescs</a><BR>
 <LI><a href="#[2b1]">WM_ResizeWindow.part.11</a>&nbsp;&nbsp;&nbsp;&rArr;&nbsp;&nbsp;&nbsp;<a href="#[280]">WM__UpdateChildPositions</a><BR>
 <LI><a href="#[2ae]">_MoveDescendents</a>&nbsp;&nbsp;&nbsp;&rArr;&nbsp;&nbsp;&nbsp;<a href="#[2ae]">_MoveDescendents</a><BR>
 <LI><a href="#[297]">WM__ForEachDesc</a>&nbsp;&nbsp;&nbsp;&rArr;&nbsp;&nbsp;&nbsp;<a href="#[297]">WM__ForEachDesc</a><BR>
 <LI><a href="#[1d3]">_EnlargeBlocks</a>&nbsp;&nbsp;&nbsp;&rArr;&nbsp;&nbsp;&nbsp;<a href="#[1ce]">_Alloc</a><BR>
 <LI><a href="#[2c6]">_Findy1</a>&nbsp;&nbsp;&nbsp;&rArr;&nbsp;&nbsp;&nbsp;<a href="#[2c6]">_Findy1</a><BR>
 <LI><a href="#[2c5]">_Findx0</a>&nbsp;&nbsp;&nbsp;&rArr;&nbsp;&nbsp;&nbsp;<a href="#[2c5]">_Findx0</a><BR>
 <LI><a href="#[2be]">_Findx1</a>&nbsp;&nbsp;&nbsp;&rArr;&nbsp;&nbsp;&nbsp;<a href="#[2be]">_Findx1</a><BR>
 <LI><a href="#[291]">WM_DeleteWindow.part.3</a>&nbsp;&nbsp;&nbsp;&rArr;&nbsp;&nbsp;&nbsp;<a href="#[291]">WM_DeleteWindow.part.3</a><BR>
 <LI><a href="#[2b5]">_Screen2hWin</a>&nbsp;&nbsp;&nbsp;&rArr;&nbsp;&nbsp;&nbsp;<a href="#[2b5]">_Screen2hWin</a><BR>
 <LI><a href="#[24]">BusFault_Handler</a>&nbsp;&nbsp;&nbsp;&rArr;&nbsp;&nbsp;&nbsp;<a href="#[24]">BusFault_Handler</a><BR>
 <LI><a href="#[22]">HardFault_Handler</a>&nbsp;&nbsp;&nbsp;&rArr;&nbsp;&nbsp;&nbsp;<a href="#[22]">HardFault_Handler</a><BR>
 <LI><a href="#[23]">MemManage_Handler</a>&nbsp;&nbsp;&nbsp;&rArr;&nbsp;&nbsp;&nbsp;<a href="#[23]">MemManage_Handler</a><BR>
 <LI><a href="#[25]">UsageFault_Handler</a>&nbsp;&nbsp;&nbsp;&rArr;&nbsp;&nbsp;&nbsp;<a href="#[25]">UsageFault_Handler</a><BR>
 <LI><a href="#[2c0]">_PaintTransChildren</a>&nbsp;&nbsp;&nbsp;&rArr;&nbsp;&nbsp;&nbsp;<a href="#[2c0]">_PaintTransChildren</a><BR>
 <LI><a href="#[2a9]">WM_InvalidateWindowAndDescs.part.14</a>&nbsp;&nbsp;&nbsp;&rArr;&nbsp;&nbsp;&nbsp;<a href="#[2a9]">WM_InvalidateWindowAndDescs.part.14</a><BR>
 <LI><a href="#[2c9]">_GetDialogItem.part.5</a>&nbsp;&nbsp;&nbsp;&rArr;&nbsp;&nbsp;&nbsp;<a href="#[2c9]">_GetDialogItem.part.5</a><BR>
</UL>
<P>
<H3>
Function Pointers
</H3><UL>
 <LI><a href="#[3c]">ADC_IRQHandler</a> from startup_stm32f746xx.o(.text) referenced from startup_stm32f746xx.o(RESET)
 <LI><a href="#[91]">BUTTON_Callback</a> from BUTTON.o(.text.BUTTON_Callback) referenced from BUTTON.o(.text.BUTTON_CreateIndirect)
 <LI><a href="#[d2]">BUTTON_CreateIndirect</a> from BUTTON.o(.text.BUTTON_CreateIndirect) referenced 18 times from framewindlg.o(.constdata)
 <LI><a href="#[f]">BUTTON_DrawSkinFlex</a> from BUTTON_SkinFlex.o(.text.BUTTON_DrawSkinFlex) referenced 2 times from BUTTON.o(.data)
 <LI><a href="#[24]">BusFault_Handler</a> from stm32f7xx_it.o(i.BusFault_Handler) referenced from startup_stm32f746xx.o(RESET)
 <LI><a href="#[3e]">CAN1_RX0_IRQHandler</a> from startup_stm32f746xx.o(.text) referenced from startup_stm32f746xx.o(RESET)
 <LI><a href="#[3f]">CAN1_RX1_IRQHandler</a> from startup_stm32f746xx.o(.text) referenced from startup_stm32f746xx.o(RESET)
 <LI><a href="#[40]">CAN1_SCE_IRQHandler</a> from startup_stm32f746xx.o(.text) referenced from startup_stm32f746xx.o(RESET)
 <LI><a href="#[3d]">CAN1_TX_IRQHandler</a> from startup_stm32f746xx.o(.text) referenced from startup_stm32f746xx.o(RESET)
 <LI><a href="#[6a]">CAN2_RX0_IRQHandler</a> from startup_stm32f746xx.o(.text) referenced from startup_stm32f746xx.o(RESET)
 <LI><a href="#[6b]">CAN2_RX1_IRQHandler</a> from startup_stm32f746xx.o(.text) referenced from startup_stm32f746xx.o(RESET)
 <LI><a href="#[6c]">CAN2_SCE_IRQHandler</a> from startup_stm32f746xx.o(.text) referenced from startup_stm32f746xx.o(RESET)
 <LI><a href="#[69]">CAN2_TX_IRQHandler</a> from startup_stm32f746xx.o(.text) referenced from startup_stm32f746xx.o(RESET)
 <LI><a href="#[87]">CEC_IRQHandler</a> from startup_stm32f746xx.o(.text) referenced from startup_stm32f746xx.o(RESET)
 <LI><a href="#[78]">DCMI_IRQHandler</a> from startup_stm32f746xx.o(.text) referenced from startup_stm32f746xx.o(RESET)
 <LI><a href="#[35]">DMA1_Stream0_IRQHandler</a> from startup_stm32f746xx.o(.text) referenced from startup_stm32f746xx.o(RESET)
 <LI><a href="#[36]">DMA1_Stream1_IRQHandler</a> from startup_stm32f746xx.o(.text) referenced from startup_stm32f746xx.o(RESET)
 <LI><a href="#[37]">DMA1_Stream2_IRQHandler</a> from startup_stm32f746xx.o(.text) referenced from startup_stm32f746xx.o(RESET)
 <LI><a href="#[38]">DMA1_Stream3_IRQHandler</a> from startup_stm32f746xx.o(.text) referenced from startup_stm32f746xx.o(RESET)
 <LI><a href="#[39]">DMA1_Stream4_IRQHandler</a> from startup_stm32f746xx.o(.text) referenced from startup_stm32f746xx.o(RESET)
 <LI><a href="#[3a]">DMA1_Stream5_IRQHandler</a> from startup_stm32f746xx.o(.text) referenced from startup_stm32f746xx.o(RESET)
 <LI><a href="#[3b]">DMA1_Stream6_IRQHandler</a> from startup_stm32f746xx.o(.text) referenced from startup_stm32f746xx.o(RESET)
 <LI><a href="#[59]">DMA1_Stream7_IRQHandler</a> from startup_stm32f746xx.o(.text) referenced from startup_stm32f746xx.o(RESET)
 <LI><a href="#[83]">DMA2D_IRQHandler</a> from stm32f7xx_it.o(i.DMA2D_IRQHandler) referenced from startup_stm32f746xx.o(RESET)
 <LI><a href="#[62]">DMA2_Stream0_IRQHandler</a> from startup_stm32f746xx.o(.text) referenced from startup_stm32f746xx.o(RESET)
 <LI><a href="#[63]">DMA2_Stream1_IRQHandler</a> from startup_stm32f746xx.o(.text) referenced from startup_stm32f746xx.o(RESET)
 <LI><a href="#[64]">DMA2_Stream2_IRQHandler</a> from startup_stm32f746xx.o(.text) referenced from startup_stm32f746xx.o(RESET)
 <LI><a href="#[65]">DMA2_Stream3_IRQHandler</a> from startup_stm32f746xx.o(.text) referenced from startup_stm32f746xx.o(RESET)
 <LI><a href="#[66]">DMA2_Stream4_IRQHandler</a> from startup_stm32f746xx.o(.text) referenced from startup_stm32f746xx.o(RESET)
 <LI><a href="#[6e]">DMA2_Stream5_IRQHandler</a> from startup_stm32f746xx.o(.text) referenced from startup_stm32f746xx.o(RESET)
 <LI><a href="#[6f]">DMA2_Stream6_IRQHandler</a> from startup_stm32f746xx.o(.text) referenced from startup_stm32f746xx.o(RESET)
 <LI><a href="#[70]">DMA2_Stream7_IRQHandler</a> from startup_stm32f746xx.o(.text) referenced from startup_stm32f746xx.o(RESET)
 <LI><a href="#[27]">DebugMon_Handler</a> from stm32f7xx_it.o(i.DebugMon_Handler) referenced from startup_stm32f746xx.o(RESET)
 <LI><a href="#[92]">EDIT_Callback</a> from EDIT.o(.text.EDIT_Callback) referenced from EDIT.o(.text.EDIT_CreateIndirect)
 <LI><a href="#[d3]">EDIT_CreateIndirect</a> from EDIT.o(.text.EDIT_CreateIndirect) referenced from framewindlg.o(.constdata)
 <LI><a href="#[67]">ETH_IRQHandler</a> from startup_stm32f746xx.o(.text) referenced from startup_stm32f746xx.o(RESET)
 <LI><a href="#[68]">ETH_WKUP_IRQHandler</a> from startup_stm32f746xx.o(.text) referenced from startup_stm32f746xx.o(RESET)
 <LI><a href="#[30]">EXTI0_IRQHandler</a> from startup_stm32f746xx.o(.text) referenced from startup_stm32f746xx.o(RESET)
 <LI><a href="#[52]">EXTI15_10_IRQHandler</a> from startup_stm32f746xx.o(.text) referenced from startup_stm32f746xx.o(RESET)
 <LI><a href="#[31]">EXTI1_IRQHandler</a> from startup_stm32f746xx.o(.text) referenced from startup_stm32f746xx.o(RESET)
 <LI><a href="#[32]">EXTI2_IRQHandler</a> from startup_stm32f746xx.o(.text) referenced from startup_stm32f746xx.o(RESET)
 <LI><a href="#[33]">EXTI3_IRQHandler</a> from startup_stm32f746xx.o(.text) referenced from startup_stm32f746xx.o(RESET)
 <LI><a href="#[34]">EXTI4_IRQHandler</a> from startup_stm32f746xx.o(.text) referenced from startup_stm32f746xx.o(RESET)
 <LI><a href="#[41]">EXTI9_5_IRQHandler</a> from startup_stm32f746xx.o(.text) referenced from startup_stm32f746xx.o(RESET)
 <LI><a href="#[2e]">FLASH_IRQHandler</a> from startup_stm32f746xx.o(.text) referenced from startup_stm32f746xx.o(RESET)
 <LI><a href="#[5a]">FMC_IRQHandler</a> from startup_stm32f746xx.o(.text) referenced from startup_stm32f746xx.o(RESET)
 <LI><a href="#[7a]">FPU_IRQHandler</a> from startup_stm32f746xx.o(.text) referenced from startup_stm32f746xx.o(RESET)
 <LI><a href="#[93]">FRAMEWIN_Callback</a> from FRAMEWIN.o(.text.FRAMEWIN_Callback) referenced from FRAMEWIN.o(.text.FRAMEWIN_CreateIndirect)
 <LI><a href="#[d1]">FRAMEWIN_CreateIndirect</a> from FRAMEWIN.o(.text.FRAMEWIN_CreateIndirect) referenced from framewindlg.o(.constdata)
 <LI><a href="#[11]">FRAMEWIN_DrawSkinFlex</a> from FRAMEWIN_SkinFlex.o(.text.FRAMEWIN_DrawSkinFlex) referenced 4 times from FRAMEWIN.o(.data)
 <LI><a href="#[10]">FRAMEWIN__GetBorderSize</a> from FRAMEWIN.o(.text.FRAMEWIN__GetBorderSize) referenced 2 times from FRAMEWIN.o(.data)
 <LI><a href="#[94]">FRAMEWIN__cbClient</a> from FRAMEWIN.o(.text.FRAMEWIN__cbClient) referenced from FRAMEWIN.o(.text.FRAMEWIN_CreateIndirect)
 <LI><a href="#[127]">GUIMONO_DispChar</a> from GUI_CharM.o(.text.GUIMONO_DispChar) referenced 8 times from F8x16.o(.rodata)
 <LI><a href="#[128]">GUIMONO_GetCharDistX</a> from GUI_CharM.o(.text.GUIMONO_GetCharDistX) referenced 8 times from F8x16.o(.rodata)
 <LI><a href="#[129]">GUIMONO_GetFontInfo</a> from GUI_CharM.o(.text.GUIMONO_GetFontInfo) referenced 8 times from F8x16.o(.rodata)
 <LI><a href="#[12a]">GUIMONO_IsInFont</a> from GUI_CharM.o(.text.GUIMONO_IsInFont) referenced 8 times from F8x16.o(.rodata)
 <LI><a href="#[132]">GUIPROP_DispChar</a> from GUI_CharP.o(.text.GUIPROP_DispChar) referenced 2 times from F13_1.o(.rodata)
 <LI><a href="#[133]">GUIPROP_GetCharDistX</a> from GUI_CharP.o(.text.GUIPROP_GetCharDistX) referenced 2 times from F13_1.o(.rodata)
 <LI><a href="#[134]">GUIPROP_GetFontInfo</a> from GUI_CharP.o(.text.GUIPROP_GetFontInfo) referenced 2 times from F13_1.o(.rodata)
 <LI><a href="#[135]">GUIPROP_IsInFont</a> from GUI_CharP.o(.text.GUIPROP_IsInFont) referenced 2 times from F13_1.o(.rodata)
 <LI><a href="#[a1]">GUI_MEMDEV_Paint1Static</a> from GUIDEV_StaticDevices.o(.text.GUI_MEMDEV_Paint1Static) referenced from WM.o(.text.WM__PaintWinAndOverlays)
 <LI><a href="#[a1]">GUI_MEMDEV_Paint1Static</a> from GUIDEV_StaticDevices.o(.text.GUI_MEMDEV_Paint1Static) referenced from WM.o(.text._Paint1Trans)
 <LI><a href="#[b6]">GUI_MEMDEV__WriteToActiveAlpha</a> from GUIDEV_WriteToActiveAlpha.o(.text.GUI_MEMDEV__WriteToActiveAlpha) referenced from GUIDEV_32.o(.text._GetDevFunc)
 <LI><a href="#[b5]">GUI_MEMDEV__WriteToActiveOpaque</a> from GUIDEV_WriteToActiveOpaque.o(.text.GUI_MEMDEV__WriteToActiveOpaque) referenced from GUIDEV_16.o(.text._GetDevFunc)
 <LI><a href="#[152]">GUI_USAGE_BM_AddHLine</a> from GUIDEV_UsageBM.o(.text.GUI_USAGE_BM_AddHLine) referenced from GUIDEV_UsageBM.o(.rodata)
 <LI><a href="#[151]">GUI_USAGE_BM_AddPixel</a> from GUIDEV_UsageBM.o(.text.GUI_USAGE_BM_AddPixel) referenced from GUIDEV_UsageBM.o(.rodata)
 <LI><a href="#[153]">GUI_USAGE_BM_Clear</a> from GUIDEV_UsageBM.o(.text.GUI_USAGE_BM_Clear) referenced from GUIDEV_UsageBM.o(.rodata)
 <LI><a href="#[155]">GUI_USAGE_BM_GetNextDirty</a> from GUIDEV_UsageBM.o(.text.GUI_USAGE_BM_GetNextDirty) referenced from GUIDEV_UsageBM.o(.rodata)
 <LI><a href="#[c]">GUI__MixColors</a> from GUI__Alpha.o(.text.GUI__MixColors) referenced 2 times from GUI__Alpha.o(.data)
 <LI><a href="#[d]">GUI__MixColorsBulk</a> from GUI__Alpha.o(.text.GUI__MixColorsBulk) referenced 2 times from GUI__Alpha.o(.data)
 <LI><a href="#[22]">HardFault_Handler</a> from stm32f7xx_it.o(i.HardFault_Handler) referenced from startup_stm32f746xx.o(RESET)
 <LI><a href="#[4a]">I2C1_ER_IRQHandler</a> from startup_stm32f746xx.o(.text) referenced from startup_stm32f746xx.o(RESET)
 <LI><a href="#[49]">I2C1_EV_IRQHandler</a> from startup_stm32f746xx.o(.text) referenced from startup_stm32f746xx.o(RESET)
 <LI><a href="#[4c]">I2C2_ER_IRQHandler</a> from startup_stm32f746xx.o(.text) referenced from startup_stm32f746xx.o(RESET)
 <LI><a href="#[4b]">I2C2_EV_IRQHandler</a> from startup_stm32f746xx.o(.text) referenced from startup_stm32f746xx.o(RESET)
 <LI><a href="#[73]">I2C3_ER_IRQHandler</a> from startup_stm32f746xx.o(.text) referenced from startup_stm32f746xx.o(RESET)
 <LI><a href="#[72]">I2C3_EV_IRQHandler</a> from startup_stm32f746xx.o(.text) referenced from startup_stm32f746xx.o(RESET)
 <LI><a href="#[89]">I2C4_ER_IRQHandler</a> from startup_stm32f746xx.o(.text) referenced from startup_stm32f746xx.o(RESET)
 <LI><a href="#[88]">I2C4_EV_IRQHandler</a> from startup_stm32f746xx.o(.text) referenced from startup_stm32f746xx.o(RESET)
 <LI><a href="#[1f]">LCD_AA_MixColors16</a> from LCD_AA.o(.text.LCD_AA_MixColors16) referenced 2 times from LCD_AA.o(.data)
 <LI><a href="#[e0]">LCD_Color2Index_8666</a> from GUICC_8666.o(.text.LCD_Color2Index_8666) referenced from GUICC_8666.o(.rodata)
 <LI><a href="#[116]">LCD_DrawHLine</a> from LCD.o(.text.LCD_DrawHLine) referenced from GUI_Core.o(.rodata)
 <LI><a href="#[117]">LCD_DrawPixel</a> from LCD.o(.text.LCD_DrawPixel) referenced from GUI_Core.o(.rodata)
 <LI><a href="#[b]">LCD_GetpPalConvTableBM</a> from LCD_Color.o(.text.LCD_GetpPalConvTableBM) referenced 2 times from GUI_Core.o(.data)
 <LI><a href="#[fa]">LCD_Index2Color_565</a> from GUICC_565.o(.text.LCD_Index2Color_565) referenced from GUICC_565.o(.rodata)
 <LI><a href="#[e1]">LCD_Index2Color_8666</a> from GUICC_8666.o(.text.LCD_Index2Color_8666) referenced from GUICC_8666.o(.rodata)
 <LI><a href="#[ff]">LCD_Index2Color_888</a> from GUICC_888_Index2Color.o(.text.LCD_Index2Color_888) referenced from GUICC_888.o(.rodata)
 <LI><a href="#[104]">LCD_Index2Color_8888</a> from GUICC_8888_Index2Color.o(.text.LCD_Index2Color_8888) referenced from GUICC_8888.o(.rodata)
 <LI><a href="#[109]">LCD_Index2Color_M565</a> from GUICC_M565.o(.text.LCD_Index2Color_M565) referenced from GUICC_M565.o(.rodata)
 <LI><a href="#[99]">LCD_Index2Color_M888</a> from GUICC_M888_Index2Color.o(.text.LCD_Index2Color_M888) referenced from GUICC_M888.o(.rodata)
 <LI><a href="#[99]">LCD_Index2Color_M888</a> from GUICC_M888_Index2Color.o(.text.LCD_Index2Color_M888) referenced from GUI__Alpha.o(.text.GUI__DoAlphaBlending)
 <LI><a href="#[9a]">LCD_Index2Color_M8888I</a> from GUICC_M8888I_Index2Color.o(.text.LCD_Index2Color_M8888I) referenced from GUICC_M8888I.o(.rodata)
 <LI><a href="#[9a]">LCD_Index2Color_M8888I</a> from GUICC_M8888I_Index2Color.o(.text.LCD_Index2Color_M8888I) referenced from GUI__Alpha.o(.text.GUI__DoAlphaBlending)
 <LI><a href="#[9a]">LCD_Index2Color_M8888I</a> from GUICC_M8888I_Index2Color.o(.text.LCD_Index2Color_M8888I) referenced from GUIDEV_WriteToActiveAlpha.o(.text._WriteToActiveAlpha)
 <LI><a href="#[ba]">LCD_LL_CopyBuffer</a> from stemwin_wrapper.o(i.LCD_LL_CopyBuffer) referenced from stemwin_wrapper.o(i.LCD_X_Config)
 <LI><a href="#[bb]">LCD_LL_CopyRect</a> from stemwin_wrapper.o(i.LCD_LL_CopyRect) referenced from stemwin_wrapper.o(i.LCD_X_Config)
 <LI><a href="#[bd]">LCD_LL_DrawBitmap16bpp</a> from stemwin_wrapper.o(i.LCD_LL_DrawBitmap16bpp) referenced from stemwin_wrapper.o(i.LCD_X_Config)
 <LI><a href="#[be]">LCD_LL_DrawBitmap32bpp</a> from stemwin_wrapper.o(i.LCD_LL_DrawBitmap32bpp) referenced from stemwin_wrapper.o(i.LCD_X_Config)
 <LI><a href="#[bc]">LCD_LL_DrawBitmap8bpp</a> from stemwin_wrapper.o(i.LCD_LL_DrawBitmap8bpp) referenced from stemwin_wrapper.o(i.LCD_X_Config)
 <LI><a href="#[b9]">LCD_LL_FillRect</a> from stemwin_wrapper.o(i.LCD_LL_FillRect) referenced from stemwin_wrapper.o(i.LCD_LL_FillRect)
 <LI><a href="#[b9]">LCD_LL_FillRect</a> from stemwin_wrapper.o(i.LCD_LL_FillRect) referenced from stemwin_wrapper.o(i.LCD_X_Config)
 <LI><a href="#[86]">LPTIM1_IRQHandler</a> from startup_stm32f746xx.o(.text) referenced from startup_stm32f746xx.o(RESET)
 <LI><a href="#[82]">LTDC_ER_IRQHandler</a> from startup_stm32f746xx.o(.text) referenced from startup_stm32f746xx.o(RESET)
 <LI><a href="#[81]">LTDC_IRQHandler</a> from stm32f7xx_it.o(i.LTDC_IRQHandler) referenced from startup_stm32f746xx.o(RESET)
 <LI><a href="#[23]">MemManage_Handler</a> from stm32f7xx_it.o(i.MemManage_Handler) referenced from startup_stm32f746xx.o(RESET)
 <LI><a href="#[21]">NMI_Handler</a> from stm32f7xx_it.o(i.NMI_Handler) referenced from startup_stm32f746xx.o(RESET)
 <LI><a href="#[6d]">OTG_FS_IRQHandler</a> from stm32f7xx_it.o(i.OTG_FS_IRQHandler) referenced from startup_stm32f746xx.o(RESET)
 <LI><a href="#[54]">OTG_FS_WKUP_IRQHandler</a> from startup_stm32f746xx.o(.text) referenced from startup_stm32f746xx.o(RESET)
 <LI><a href="#[75]">OTG_HS_EP1_IN_IRQHandler</a> from startup_stm32f746xx.o(.text) referenced from startup_stm32f746xx.o(RESET)
 <LI><a href="#[74]">OTG_HS_EP1_OUT_IRQHandler</a> from startup_stm32f746xx.o(.text) referenced from startup_stm32f746xx.o(RESET)
 <LI><a href="#[77]">OTG_HS_IRQHandler</a> from startup_stm32f746xx.o(.text) referenced from startup_stm32f746xx.o(RESET)
 <LI><a href="#[76]">OTG_HS_WKUP_IRQHandler</a> from startup_stm32f746xx.o(.text) referenced from startup_stm32f746xx.o(RESET)
 <LI><a href="#[2b]">PVD_IRQHandler</a> from startup_stm32f746xx.o(.text) referenced from startup_stm32f746xx.o(RESET)
 <LI><a href="#[28]">PendSV_Handler</a> from stm32f7xx_it.o(i.PendSV_Handler) referenced from startup_stm32f746xx.o(RESET)
 <LI><a href="#[85]">QUADSPI_IRQHandler</a> from startup_stm32f746xx.o(.text) referenced from startup_stm32f746xx.o(RESET)
 <LI><a href="#[2f]">RCC_IRQHandler</a> from startup_stm32f746xx.o(.text) referenced from startup_stm32f746xx.o(RESET)
 <LI><a href="#[79]">RNG_IRQHandler</a> from startup_stm32f746xx.o(.text) referenced from startup_stm32f746xx.o(RESET)
 <LI><a href="#[53]">RTC_Alarm_IRQHandler</a> from startup_stm32f746xx.o(.text) referenced from startup_stm32f746xx.o(RESET)
 <LI><a href="#[2d]">RTC_WKUP_IRQHandler</a> from startup_stm32f746xx.o(.text) referenced from startup_stm32f746xx.o(RESET)
 <LI><a href="#[20]">Reset_Handler</a> from startup_stm32f746xx.o(.text) referenced from startup_stm32f746xx.o(RESET)
 <LI><a href="#[80]">SAI1_IRQHandler</a> from startup_stm32f746xx.o(.text) referenced from startup_stm32f746xx.o(RESET)
 <LI><a href="#[84]">SAI2_IRQHandler</a> from startup_stm32f746xx.o(.text) referenced from startup_stm32f746xx.o(RESET)
 <LI><a href="#[5b]">SDMMC1_IRQHandler</a> from startup_stm32f746xx.o(.text) referenced from startup_stm32f746xx.o(RESET)
 <LI><a href="#[cc]">SD_initialize</a> from sd_diskio.o(i.SD_initialize) referenced from sd_diskio.o(.constdata)
 <LI><a href="#[d0]">SD_ioctl</a> from sd_diskio.o(i.SD_ioctl) referenced from sd_diskio.o(.constdata)
 <LI><a href="#[ce]">SD_read</a> from sd_diskio.o(i.SD_read) referenced from sd_diskio.o(.constdata)
 <LI><a href="#[cd]">SD_status</a> from sd_diskio.o(i.SD_status) referenced from sd_diskio.o(.constdata)
 <LI><a href="#[cf]">SD_write</a> from sd_diskio.o(i.SD_write) referenced from sd_diskio.o(.constdata)
 <LI><a href="#[8a]">SPDIF_RX_IRQHandler</a> from startup_stm32f746xx.o(.text) referenced from startup_stm32f746xx.o(RESET)
 <LI><a href="#[4d]">SPI1_IRQHandler</a> from startup_stm32f746xx.o(.text) referenced from startup_stm32f746xx.o(RESET)
 <LI><a href="#[4e]">SPI2_IRQHandler</a> from startup_stm32f746xx.o(.text) referenced from startup_stm32f746xx.o(RESET)
 <LI><a href="#[5d]">SPI3_IRQHandler</a> from startup_stm32f746xx.o(.text) referenced from startup_stm32f746xx.o(RESET)
 <LI><a href="#[7d]">SPI4_IRQHandler</a> from startup_stm32f746xx.o(.text) referenced from startup_stm32f746xx.o(RESET)
 <LI><a href="#[7e]">SPI5_IRQHandler</a> from startup_stm32f746xx.o(.text) referenced from startup_stm32f746xx.o(RESET)
 <LI><a href="#[7f]">SPI6_IRQHandler</a> from startup_stm32f746xx.o(.text) referenced from startup_stm32f746xx.o(RESET)
 <LI><a href="#[26]">SVC_Handler</a> from stm32f7xx_it.o(i.SVC_Handler) referenced from startup_stm32f746xx.o(RESET)
 <LI><a href="#[29]">SysTick_Handler</a> from startup_stm32f746xx.o(.text) referenced from startup_stm32f746xx.o(RESET)
 <LI><a href="#[8c]">SystemInit</a> from system_stm32f7xx.o(i.SystemInit) referenced from startup_stm32f746xx.o(.text)
 <LI><a href="#[2c]">TAMP_STAMP_IRQHandler</a> from startup_stm32f746xx.o(.text) referenced from startup_stm32f746xx.o(RESET)
 <LI><a href="#[9c]">TEXT_Callback</a> from TEXT.o(.text.TEXT_Callback) referenced from TEXT.o(.text.TEXT_CreateIndirect)
 <LI><a href="#[d4]">TEXT_CreateIndirect</a> from TEXT.o(.text.TEXT_CreateIndirect) referenced from framewindlg.o(.constdata)
 <LI><a href="#[42]">TIM1_BRK_TIM9_IRQHandler</a> from startup_stm32f746xx.o(.text) referenced from startup_stm32f746xx.o(RESET)
 <LI><a href="#[45]">TIM1_CC_IRQHandler</a> from startup_stm32f746xx.o(.text) referenced from startup_stm32f746xx.o(RESET)
 <LI><a href="#[44]">TIM1_TRG_COM_TIM11_IRQHandler</a> from startup_stm32f746xx.o(.text) referenced from startup_stm32f746xx.o(RESET)
 <LI><a href="#[43]">TIM1_UP_TIM10_IRQHandler</a> from startup_stm32f746xx.o(.text) referenced from startup_stm32f746xx.o(RESET)
 <LI><a href="#[46]">TIM2_IRQHandler</a> from startup_stm32f746xx.o(.text) referenced from startup_stm32f746xx.o(RESET)
 <LI><a href="#[47]">TIM3_IRQHandler</a> from startup_stm32f746xx.o(.text) referenced from startup_stm32f746xx.o(RESET)
 <LI><a href="#[48]">TIM4_IRQHandler</a> from startup_stm32f746xx.o(.text) referenced from startup_stm32f746xx.o(RESET)
 <LI><a href="#[5c]">TIM5_IRQHandler</a> from startup_stm32f746xx.o(.text) referenced from startup_stm32f746xx.o(RESET)
 <LI><a href="#[60]">TIM6_DAC_IRQHandler</a> from stm32f7xx_it.o(i.TIM6_DAC_IRQHandler) referenced from startup_stm32f746xx.o(RESET)
 <LI><a href="#[61]">TIM7_IRQHandler</a> from startup_stm32f746xx.o(.text) referenced from startup_stm32f746xx.o(RESET)
 <LI><a href="#[55]">TIM8_BRK_TIM12_IRQHandler</a> from startup_stm32f746xx.o(.text) referenced from startup_stm32f746xx.o(RESET)
 <LI><a href="#[58]">TIM8_CC_IRQHandler</a> from startup_stm32f746xx.o(.text) referenced from startup_stm32f746xx.o(RESET)
 <LI><a href="#[57]">TIM8_TRG_COM_TIM14_IRQHandler</a> from startup_stm32f746xx.o(.text) referenced from startup_stm32f746xx.o(RESET)
 <LI><a href="#[56]">TIM8_UP_TIM13_IRQHandler</a> from startup_stm32f746xx.o(.text) referenced from startup_stm32f746xx.o(RESET)
 <LI><a href="#[b8]">TransferComplete</a> from stemwin_wrapper.o(i.TransferComplete) referenced from stemwin_wrapper.o(i.DMA2D_Init)
 <LI><a href="#[5e]">UART4_IRQHandler</a> from startup_stm32f746xx.o(.text) referenced from startup_stm32f746xx.o(RESET)
 <LI><a href="#[5f]">UART5_IRQHandler</a> from startup_stm32f746xx.o(.text) referenced from startup_stm32f746xx.o(RESET)
 <LI><a href="#[7b]">UART7_IRQHandler</a> from startup_stm32f746xx.o(.text) referenced from startup_stm32f746xx.o(RESET)
 <LI><a href="#[7c]">UART8_IRQHandler</a> from startup_stm32f746xx.o(.text) referenced from startup_stm32f746xx.o(RESET)
 <LI><a href="#[4f]">USART1_IRQHandler</a> from startup_stm32f746xx.o(.text) referenced from startup_stm32f746xx.o(RESET)
 <LI><a href="#[50]">USART2_IRQHandler</a> from startup_stm32f746xx.o(.text) referenced from startup_stm32f746xx.o(RESET)
 <LI><a href="#[51]">USART3_IRQHandler</a> from startup_stm32f746xx.o(.text) referenced from startup_stm32f746xx.o(RESET)
 <LI><a href="#[71]">USART6_IRQHandler</a> from startup_stm32f746xx.o(.text) referenced from startup_stm32f746xx.o(RESET)
 <LI><a href="#[25]">UsageFault_Handler</a> from stm32f7xx_it.o(i.UsageFault_Handler) referenced from startup_stm32f746xx.o(RESET)
 <LI><a href="#[95]">WM_HandlePID</a> from WM_Touch.o(.text.WM_HandlePID) referenced from GUI_PID.o(.text.GUI_PID_StoreState)
 <LI><a href="#[a2]">WM__Paint1</a> from WM.o(.text.WM__Paint1) referenced from WM.o(.text.WM__PaintWinAndOverlays)
 <LI><a href="#[a2]">WM__Paint1</a> from WM.o(.text.WM__Paint1) referenced from WM.o(.text._Paint1Trans)
 <LI><a href="#[2a]">WWDG_IRQHandler</a> from startup_stm32f746xx.o(.text) referenced from startup_stm32f746xx.o(RESET)
 <LI><a href="#[130]">_CalcSizeOfChar</a> from GUI_UC_EncodeNone.o(.text._CalcSizeOfChar) referenced from GUI_UC_EncodeNone.o(.rodata)
 <LI><a href="#[fc]">_Color2IndexBulk</a> from GUICC_565.o(.text._Color2IndexBulk) referenced 6 times from GUICC_565.o(.rodata)
 <LI><a href="#[d8]">_Color2IndexBulk_1616I</a> from GUICC_1616I.o(.text._Color2IndexBulk_1616I) referenced from GUICC_1616I.o(.rodata)
 <LI><a href="#[e9]">_Color2IndexBulk_88666I</a> from GUICC_88666I.o(.text._Color2IndexBulk_88666I) referenced from GUICC_88666I.o(.rodata)
 <LI><a href="#[ee]">_Color2IndexBulk_M1555I</a> from GUICC_M1555I.o(.text._Color2IndexBulk_M1555I) referenced from GUICC_M1555I.o(.rodata)
 <LI><a href="#[c0]">_Color2IndexBulk_M1555I_DMA2D</a> from stemwin_wrapper.o(i._Color2IndexBulk_M1555I_DMA2D) referenced from stemwin_wrapper.o(i.LCD_X_Config)
 <LI><a href="#[f3]">_Color2IndexBulk_M4444I</a> from GUICC_M4444I.o(.text._Color2IndexBulk_M4444I) referenced from GUICC_M4444I.o(.rodata)
 <LI><a href="#[c4]">_Color2IndexBulk_M4444I_DMA2D</a> from stemwin_wrapper.o(i._Color2IndexBulk_M4444I_DMA2D) referenced from stemwin_wrapper.o(i.LCD_X_Config)
 <LI><a href="#[c2]">_Color2IndexBulk_M565_DMA2D</a> from stemwin_wrapper.o(i._Color2IndexBulk_M565_DMA2D) referenced from stemwin_wrapper.o(i.LCD_X_Config)
 <LI><a href="#[f7]">_Color2IndexBulk_M8888I</a> from GUICC_M8888I.o(.text._Color2IndexBulk_M8888I) referenced from GUICC_M8888I.o(.rodata)
 <LI><a href="#[c8]">_Color2IndexBulk_M8888I_DMA2D</a> from stemwin_wrapper.o(i._Color2IndexBulk_M8888I_DMA2D) referenced from stemwin_wrapper.o(i.LCD_X_Config)
 <LI><a href="#[c6]">_Color2IndexBulk_M888_DMA2D</a> from stemwin_wrapper.o(i._Color2IndexBulk_M888_DMA2D) referenced from stemwin_wrapper.o(i.LCD_X_Config)
 <LI><a href="#[142]">_Color2Index_0</a> from GUICC_0.o(.text._Color2Index_0) referenced from GUICC_0.o(.rodata)
 <LI><a href="#[12b]">_Color2Index_16</a> from GUICC_16.o(.text._Color2Index_16) referenced from GUICC_16.o(.rodata)
 <LI><a href="#[d5]">_Color2Index_1616I</a> from GUICC_1616I.o(.text._Color2Index_1616I) referenced from GUICC_1616I.o(.rodata)
 <LI><a href="#[f9]">_Color2Index_565</a> from GUICC_565.o(.text._Color2Index_565) referenced from GUICC_565.o(.rodata)
 <LI><a href="#[da]">_Color2Index_822216</a> from GUICC_822216.o(.text._Color2Index_822216) referenced from GUICC_822216.o(.rodata)
 <LI><a href="#[dd]">_Color2Index_84444</a> from GUICC_84444.o(.text._Color2Index_84444) referenced from GUICC_84444.o(.rodata)
 <LI><a href="#[e3]">_Color2Index_8666_1</a> from GUICC_8666_1.o(.text._Color2Index_8666_1) referenced from GUICC_8666_1.o(.rodata)
 <LI><a href="#[e6]">_Color2Index_88666I</a> from GUICC_88666I.o(.text._Color2Index_88666I) referenced from GUICC_88666I.o(.rodata)
 <LI><a href="#[fe]">_Color2Index_888</a> from GUICC_888.o(.text._Color2Index_888) referenced from GUICC_888.o(.rodata)
 <LI><a href="#[103]">_Color2Index_8888</a> from GUICC_8888.o(.text._Color2Index_8888) referenced from GUICC_8888.o(.rodata)
 <LI><a href="#[eb]">_Color2Index_M1555I</a> from GUICC_M1555I.o(.text._Color2Index_M1555I) referenced from GUICC_M1555I.o(.rodata)
 <LI><a href="#[f0]">_Color2Index_M4444I</a> from GUICC_M4444I.o(.text._Color2Index_M4444I) referenced from GUICC_M4444I.o(.rodata)
 <LI><a href="#[108]">_Color2Index_M565</a> from GUICC_M565.o(.text._Color2Index_M565) referenced from GUICC_M565.o(.rodata)
 <LI><a href="#[10d]">_Color2Index_M888</a> from GUICC_M888.o(.text._Color2Index_M888) referenced from GUICC_M888.o(.rodata)
 <LI><a href="#[111]">_Color2Index_M8888</a> from GUICC_M8888.o(.text._Color2Index_M8888) referenced from GUICC_M8888.o(.rodata)
 <LI><a href="#[f5]">_Color2Index_M8888I</a> from GUICC_M8888I.o(.text._Color2Index_M8888I) referenced from GUICC_M8888I.o(.rodata)
 <LI><a href="#[ab]">_CopyBuffer</a> from GUIDRV_Lin_16.o(.text._CopyBuffer) referenced from GUIDRV_Lin_16.o(.text._GetDevFunc)
 <LI><a href="#[19]">_Create</a> from BUTTON_Skin.o(.text._Create) referenced 4 times from BUTTON_Skin.o(.data)
 <LI><a href="#[11b]">_DrawBitmap</a> from GUIDRV_Lin_16.o(.text._DrawBitmap) referenced 3 times from GUIDRV_Lin_16.o(.rodata)
 <LI><a href="#[158]">_DrawDown</a> from WIDGET_Effect_Simple.o(.text._DrawDown) referenced from WIDGET_Effect_Simple.o(.rodata)
 <LI><a href="#[159]">_DrawDownRect</a> from WIDGET_Effect_Simple.o(.text._DrawDownRect) referenced from WIDGET_Effect_Simple.o(.rodata)
 <LI><a href="#[11c]">_DrawHLine</a> from GUIDRV_Lin_16.o(.text._DrawHLine) referenced 3 times from GUIDRV_Lin_16.o(.rodata)
 <LI><a href="#[156]">_DrawUp</a> from WIDGET_Effect_Simple.o(.text._DrawUp) referenced from WIDGET_Effect_Simple.o(.rodata)
 <LI><a href="#[157]">_DrawUpRect</a> from WIDGET_Effect_Simple.o(.text._DrawUpRect) referenced from WIDGET_Effect_Simple.o(.rodata)
 <LI><a href="#[11d]">_DrawVLine</a> from GUIDRV_Lin_16.o(.text._DrawVLine) referenced 3 times from GUIDRV_Lin_16.o(.rodata)
 <LI><a href="#[131]">_Encode</a> from GUI_UC_EncodeNone.o(.text._Encode) referenced from GUI_UC_EncodeNone.o(.rodata)
 <LI><a href="#[11e]">_FillRect</a> from GUIDRV_Lin_16.o(.text._FillRect) referenced 3 times from GUIDRV_Lin_16.o(.rodata)
 <LI><a href="#[154]">_GUI_USAGE_BM_Delete</a> from GUIDEV_UsageBM.o(.text._GUI_USAGE_BM_Delete) referenced from GUIDEV_UsageBM.o(.rodata)
 <LI><a href="#[1c]">_GetBorderSize</a> from FRAMEWIN_Skin.o(.text._GetBorderSize) referenced 2 times from FRAMEWIN_Skin.o(.data)
 <LI><a href="#[12e]">_GetCharCode</a> from GUI_UC_EncodeNone.o(.text._GetCharCode) referenced from GUI_UC_EncodeNone.o(.rodata)
 <LI><a href="#[12f]">_GetCharSize</a> from GUI_UC_EncodeNone.o(.text._GetCharSize) referenced from GUI_UC_EncodeNone.o(.rodata)
 <LI><a href="#[1e]">_GetCharWrap</a> from GUI__Wrap.o(.text._GetCharWrap) referenced 2 times from GUI__Wrap.o(.data)
 <LI><a href="#[15]">_GetCursorCharacter</a> from GUI__GetCursorPos.o(.text._GetCursorCharacter) referenced 2 times from GUI__GetCursorPos.o(.data)
 <LI><a href="#[14]">_GetCursorPosChar</a> from GUI__GetCursorPos.o(.text._GetCursorPosChar) referenced 2 times from GUI__GetCursorPos.o(.data)
 <LI><a href="#[13]">_GetCursorPosX</a> from GUI__GetCursorPos.o(.text._GetCursorPosX) referenced 2 times from GUI__GetCursorPos.o(.data)
 <LI><a href="#[125]">_GetDevData</a> from GUIDRV_Lin_16.o(.text._GetDevData) referenced 3 times from GUIDRV_Lin_16.o(.rodata)
 <LI><a href="#[123]">_GetDevFunc</a> from GUIDRV_Lin_16.o(.text._GetDevFunc) referenced 3 times from GUIDRV_Lin_16.o(.rodata)
 <LI><a href="#[124]">_GetDevProp</a> from GUIDRV_Lin_16.o(.text._GetDevProp) referenced 3 times from GUIDRV_Lin_16.o(.rodata)
 <LI><a href="#[144]">_GetIndexMask_0</a> from GUICC_0.o(.text._GetIndexMask_0) referenced from GUICC_0.o(.rodata)
 <LI><a href="#[12d]">_GetIndexMask_16</a> from GUICC_16.o(.text._GetIndexMask_16) referenced from GUICC_16.o(.rodata)
 <LI><a href="#[d7]">_GetIndexMask_1616I</a> from GUICC_1616I.o(.text._GetIndexMask_1616I) referenced from GUICC_1616I.o(.rodata)
 <LI><a href="#[fb]">_GetIndexMask_565</a> from GUICC_565.o(.text._GetIndexMask_565) referenced from GUICC_565.o(.rodata)
 <LI><a href="#[dc]">_GetIndexMask_822216</a> from GUICC_822216.o(.text._GetIndexMask_822216) referenced from GUICC_822216.o(.rodata)
 <LI><a href="#[df]">_GetIndexMask_84444</a> from GUICC_84444.o(.text._GetIndexMask_84444) referenced from GUICC_84444.o(.rodata)
 <LI><a href="#[e2]">_GetIndexMask_8666</a> from GUICC_8666.o(.text._GetIndexMask_8666) referenced from GUICC_8666.o(.rodata)
 <LI><a href="#[e5]">_GetIndexMask_8666_1</a> from GUICC_8666_1.o(.text._GetIndexMask_8666_1) referenced from GUICC_8666_1.o(.rodata)
 <LI><a href="#[e8]">_GetIndexMask_88666I</a> from GUICC_88666I.o(.text._GetIndexMask_88666I) referenced from GUICC_88666I.o(.rodata)
 <LI><a href="#[100]">_GetIndexMask_888</a> from GUICC_888.o(.text._GetIndexMask_888) referenced from GUICC_888.o(.rodata)
 <LI><a href="#[105]">_GetIndexMask_8888</a> from GUICC_8888.o(.text._GetIndexMask_8888) referenced from GUICC_8888.o(.rodata)
 <LI><a href="#[ed]">_GetIndexMask_M1555I</a> from GUICC_M1555I.o(.text._GetIndexMask_M1555I) referenced from GUICC_M1555I.o(.rodata)
 <LI><a href="#[f2]">_GetIndexMask_M4444I</a> from GUICC_M4444I.o(.text._GetIndexMask_M4444I) referenced from GUICC_M4444I.o(.rodata)
 <LI><a href="#[10a]">_GetIndexMask_M565</a> from GUICC_M565.o(.text._GetIndexMask_M565) referenced from GUICC_M565.o(.rodata)
 <LI><a href="#[10e]">_GetIndexMask_M888</a> from GUICC_M888.o(.text._GetIndexMask_M888) referenced from GUICC_M888.o(.rodata)
 <LI><a href="#[113]">_GetIndexMask_M8888</a> from GUICC_M8888.o(.text._GetIndexMask_M8888) referenced from GUICC_M8888.o(.rodata)
 <LI><a href="#[f6]">_GetIndexMask_M8888I</a> from GUICC_M8888I.o(.text._GetIndexMask_M8888I) referenced from GUICC_M8888I.o(.rodata)
 <LI><a href="#[11f]">_GetPixelIndex</a> from GUIDRV_Lin_16.o(.text._GetPixelIndex) referenced 3 times from GUIDRV_Lin_16.o(.rodata)
 <LI><a href="#[a5]">_GetPos</a> from GUIDRV_Lin_16.o(.text._GetPos) referenced from GUIDRV_Lin_16.o(.text._GetDevFunc)
 <LI><a href="#[126]">_GetRect</a> from GUIDRV_Lin_16.o(.text._GetRect) referenced 3 times from GUIDRV_Lin_16.o(.rodata)
 <LI><a href="#[1d]">_GetWordWrap</a> from GUI__Wrap.o(.text._GetWordWrap) referenced 2 times from GUI__Wrap.o(.data)
 <LI><a href="#[fd]">_Index2ColorBulk</a> from GUICC_565.o(.text._Index2ColorBulk) referenced 6 times from GUICC_565.o(.rodata)
 <LI><a href="#[d9]">_Index2ColorBulk_1616I</a> from GUICC_1616I.o(.text._Index2ColorBulk_1616I) referenced from GUICC_1616I.o(.rodata)
 <LI><a href="#[ea]">_Index2ColorBulk_88666I</a> from GUICC_88666I.o(.text._Index2ColorBulk_88666I) referenced from GUICC_88666I.o(.rodata)
 <LI><a href="#[ef]">_Index2ColorBulk_M1555I</a> from GUICC_M1555I.o(.text._Index2ColorBulk_M1555I) referenced from GUICC_M1555I.o(.rodata)
 <LI><a href="#[bf]">_Index2ColorBulk_M1555I_DMA2D</a> from stemwin_wrapper.o(i._Index2ColorBulk_M1555I_DMA2D) referenced from stemwin_wrapper.o(i.LCD_X_Config)
 <LI><a href="#[f4]">_Index2ColorBulk_M4444I</a> from GUICC_M4444I.o(.text._Index2ColorBulk_M4444I) referenced from GUICC_M4444I.o(.rodata)
 <LI><a href="#[c3]">_Index2ColorBulk_M4444I_DMA2D</a> from stemwin_wrapper.o(i._Index2ColorBulk_M4444I_DMA2D) referenced from stemwin_wrapper.o(i.LCD_X_Config)
 <LI><a href="#[c1]">_Index2ColorBulk_M565_DMA2D</a> from stemwin_wrapper.o(i._Index2ColorBulk_M565_DMA2D) referenced from stemwin_wrapper.o(i.LCD_X_Config)
 <LI><a href="#[f8]">_Index2ColorBulk_M8888I</a> from GUICC_M8888I.o(.text._Index2ColorBulk_M8888I) referenced from GUICC_M8888I.o(.rodata)
 <LI><a href="#[c7]">_Index2ColorBulk_M8888I_DMA2D</a> from stemwin_wrapper.o(i._Index2ColorBulk_M8888I_DMA2D) referenced from stemwin_wrapper.o(i.LCD_X_Config)
 <LI><a href="#[c5]">_Index2ColorBulk_M888_DMA2D</a> from stemwin_wrapper.o(i._Index2ColorBulk_M888_DMA2D) referenced from stemwin_wrapper.o(i.LCD_X_Config)
 <LI><a href="#[143]">_Index2Color_0</a> from GUICC_0.o(.text._Index2Color_0) referenced from GUICC_0.o(.rodata)
 <LI><a href="#[12c]">_Index2Color_16</a> from GUICC_16.o(.text._Index2Color_16) referenced from GUICC_16.o(.rodata)
 <LI><a href="#[d6]">_Index2Color_1616I</a> from GUICC_1616I.o(.text._Index2Color_1616I) referenced from GUICC_1616I.o(.rodata)
 <LI><a href="#[db]">_Index2Color_822216</a> from GUICC_822216.o(.text._Index2Color_822216) referenced from GUICC_822216.o(.rodata)
 <LI><a href="#[de]">_Index2Color_84444</a> from GUICC_84444.o(.text._Index2Color_84444) referenced from GUICC_84444.o(.rodata)
 <LI><a href="#[e4]">_Index2Color_8666_1</a> from GUICC_8666_1.o(.text._Index2Color_8666_1) referenced from GUICC_8666_1.o(.rodata)
 <LI><a href="#[e7]">_Index2Color_88666I</a> from GUICC_88666I.o(.text._Index2Color_88666I) referenced from GUICC_88666I.o(.rodata)
 <LI><a href="#[ec]">_Index2Color_M1555I</a> from GUICC_M1555I.o(.text._Index2Color_M1555I) referenced from GUICC_M1555I.o(.rodata)
 <LI><a href="#[f1]">_Index2Color_M4444I</a> from GUICC_M4444I.o(.text._Index2Color_M4444I) referenced from GUICC_M4444I.o(.rodata)
 <LI><a href="#[112]">_Index2Color_M8888</a> from GUICC_M8888.o(.text._Index2Color_M8888) referenced from GUICC_M8888.o(.rodata)
 <LI><a href="#[b2]">_Init</a> from GUIDRV_Lin_16.o(.text._Init) referenced from GUIDRV_Lin_16.o(.text._GetDevFunc)
 <LI><a href="#[c9]">_LCD_DrawBitmapAlpha</a> from stemwin_wrapper.o(i._LCD_DrawBitmapAlpha) referenced from stemwin_wrapper.o(i.LCD_X_Config)
 <LI><a href="#[ca]">_LCD_DrawMemdevAlpha</a> from stemwin_wrapper.o(i._LCD_DrawMemdevAlpha) referenced from stemwin_wrapper.o(i.LCD_X_Config)
 <LI><a href="#[12]">_Log2VisBuffered</a> from GUI_CharLine.o(.text._Log2VisBuffered) referenced 2 times from GUI_CharLine.o(.data)
 <LI><a href="#[b0]">_Off</a> from GUIDRV_Lin_16.o(.text._Off) referenced from GUIDRV_Lin_16.o(.text._GetDevFunc)
 <LI><a href="#[b1]">_On</a> from GUIDRV_Lin_16.o(.text._On) referenced from GUIDRV_Lin_16.o(.text._GetDevFunc)
 <LI><a href="#[96]">_OnExit</a> from GUI_PID.o(.text._OnExit) referenced from GUI_PID.o(.text.GUI_PID_StoreState)
 <LI><a href="#[97]">_OnExit</a> from GUI__Alpha.o(.text._OnExit) referenced from GUI__Alpha.o(.text.GUI__AllocAlphaBuffer)
 <LI><a href="#[98]">_OnExit</a> from GUI_Core.o(.text._OnExit) referenced from GUI_Core.o(.text.GUI__Config)
 <LI><a href="#[97]">_OnExit</a> from GUI__Alpha.o(.text._OnExit) referenced from GUI__Alpha.o(.text.GUI__DoAlphaBlending)
 <LI><a href="#[9b]">_OnExit</a> from LCD_Color.o(.text._OnExit) referenced from LCD_Color.o(.text.LCD_InitColors)
 <LI><a href="#[a0]">_OnExit</a> from WM.o(.text._OnExit) referenced from WM.o(.text.WM_Init)
 <LI><a href="#[e]">_OnTouchDefault</a> from BUTTON.o(.text._OnTouchDefault) referenced 2 times from BUTTON.o(.data)
 <LI><a href="#[18]">_Paint</a> from BUTTON_Skin.o(.text._Paint) referenced 4 times from BUTTON_Skin.o(.data)
 <LI><a href="#[a8]">_ReadRect</a> from GUIDRV_Lin_16.o(.text._ReadRect) referenced from GUIDRV_Lin_16.o(.text._GetDevFunc)
 <LI><a href="#[a7]">_SetAlpha</a> from GUIDRV_Lin_16.o(.text._SetAlpha) referenced from GUIDRV_Lin_16.o(.text._GetDevFunc)
 <LI><a href="#[af]">_SetAlphaMode</a> from GUIDRV_Lin_16.o(.text._SetAlphaMode) referenced from GUIDRV_Lin_16.o(.text._GetDevFunc)
 <LI><a href="#[119]">_SetBkColor</a> from LCD.o(.text._SetBkColor) referenced from LCD.o(.rodata)
 <LI><a href="#[ad]">_SetChroma</a> from GUIDRV_Lin_16.o(.text._SetChroma) referenced from GUIDRV_Lin_16.o(.text._GetDevFunc)
 <LI><a href="#[ae]">_SetChromaMode</a> from GUIDRV_Lin_16.o(.text._SetChromaMode) referenced from GUIDRV_Lin_16.o(.text._GetDevFunc)
 <LI><a href="#[118]">_SetColor</a> from LCD.o(.text._SetColor) referenced from LCD.o(.rodata)
 <LI><a href="#[ac]">_SetDevFunc</a> from GUIDRV_Lin_16.o(.text._SetDevFunc) referenced from GUIDRV_Lin_16.o(.text._GetDevFunc)
 <LI><a href="#[11a]">_SetDrawMode</a> from LCD.o(.text._SetDrawMode) referenced from LCD.o(.rodata)
 <LI><a href="#[122]">_SetOrg</a> from GUIDRV_Lin_16.o(.text._SetOrg) referenced 3 times from GUIDRV_Lin_16.o(.rodata)
 <LI><a href="#[120]">_SetPixelIndex</a> from GUIDRV_Lin_16.o(.text._SetPixelIndex) referenced 3 times from GUIDRV_Lin_16.o(.rodata)
 <LI><a href="#[a6]">_SetPos</a> from GUIDRV_Lin_16.o(.text._SetPos) referenced from GUIDRV_Lin_16.o(.text._GetDevFunc)
 <LI><a href="#[b3]">_SetSize</a> from GUIDRV_Lin_16.o(.text._SetSize) referenced from GUIDRV_Lin_16.o(.text._GetDevFunc)
 <LI><a href="#[a3]">_SetVRAMAddr</a> from GUIDRV_Lin_16.o(.text._SetVRAMAddr) referenced from GUIDRV_Lin_16.o(.text._GetDevFunc)
 <LI><a href="#[a9]">_SetVRAM_BufferPTR</a> from GUIDRV_Lin_16.o(.text._SetVRAM_BufferPTR) referenced from GUIDRV_Lin_16.o(.text._GetDevFunc)
 <LI><a href="#[b4]">_SetVSize</a> from GUIDRV_Lin_16.o(.text._SetVSize) referenced from GUIDRV_Lin_16.o(.text._GetDevFunc)
 <LI><a href="#[a4]">_SetVis</a> from GUIDRV_Lin_16.o(.text._SetVis) referenced from GUIDRV_Lin_16.o(.text._GetDevFunc)
 <LI><a href="#[aa]">_ShowBuffer</a> from GUIDRV_Lin_16.o(.text._ShowBuffer) referenced from GUIDRV_Lin_16.o(.text._GetDevFunc)
 <LI><a href="#[121]">_XorPixel</a> from GUIDRV_Lin_16.o(.text._XorPixel) referenced 3 times from GUIDRV_Lin_16.o(.rodata)
 <LI><a href="#[8d]">__main</a> from entry.o(.ARM.Collect$$$$00000000) referenced from startup_stm32f746xx.o(.text)
 <LI><a href="#[9f]">_cbBackWin</a> from WM.o(.text._cbBackWin) referenced from WM.o(.text.WM_Init)
 <LI><a href="#[b7]">_cbDialog</a> from framewindlg.o(i._cbDialog) referenced from framewindlg.o(i.CreateFramewin)
 <LI><a href="#[9d]">_cbInvalidateOne</a> from WM_BringToTop.o(.text._cbInvalidateOne) referenced from WM_BringToTop.o(.text.WM_BringToTop)
 <LI><a href="#[9e]">_cbPaintMemDev</a> from WM.o(.text._cbPaintMemDev) referenced from WM.o(.text.WM_Exec)
 <LI><a href="#[8f]">_sbackspace</a> from _sgetc.o(.text) referenced from strtod.o(.text)
 <LI><a href="#[8e]">_sgetc</a> from _sgetc.o(.text) referenced from strtod.o(.text)
 <LI><a href="#[cb]">_sputc</a> from printfa.o(i._sputc) referenced from printfa.o(i.__0sprintf)
 <LI><a href="#[1]">ft5336_Init</a> from ft5336.o(i.ft5336_Init) referenced 2 times from ft5336.o(.data)
 <LI><a href="#[2]">ft5336_ReadID</a> from ft5336.o(i.ft5336_ReadID) referenced 2 times from ft5336.o(.data)
 <LI><a href="#[3]">ft5336_Reset</a> from ft5336.o(i.ft5336_Reset) referenced 2 times from ft5336.o(.data)
 <LI><a href="#[8]">ft5336_TS_ClearIT</a> from ft5336.o(i.ft5336_TS_ClearIT) referenced 2 times from ft5336.o(.data)
 <LI><a href="#[5]">ft5336_TS_DetectTouch</a> from ft5336.o(i.ft5336_TS_DetectTouch) referenced 2 times from ft5336.o(.data)
 <LI><a href="#[a]">ft5336_TS_DisableIT</a> from ft5336.o(i.ft5336_TS_DisableIT) referenced 2 times from ft5336.o(.data)
 <LI><a href="#[7]">ft5336_TS_EnableIT</a> from ft5336.o(i.ft5336_TS_EnableIT) referenced 2 times from ft5336.o(.data)
 <LI><a href="#[6]">ft5336_TS_GetXY</a> from ft5336.o(i.ft5336_TS_GetXY) referenced 2 times from ft5336.o(.data)
 <LI><a href="#[9]">ft5336_TS_ITStatus</a> from ft5336.o(i.ft5336_TS_ITStatus) referenced 2 times from ft5336.o(.data)
 <LI><a href="#[4]">ft5336_TS_Start</a> from ft5336.o(i.ft5336_TS_Start) referenced 2 times from ft5336.o(.data)
 <LI><a href="#[90]">isspace</a> from isspace_c.o(.text) referenced from strtod.o(.text)
 <LI><a href="#[8b]">main</a> from main.o(i.main) referenced from entry9a.o(.ARM.Collect$$$$0000000B)
 <LI><a href="#[16]">memcpy</a> from memmove.o(.text) referenced 2 times from GUI__Private.o(.data)
 <LI><a href="#[17]">memset</a> from memseta.o(.text) referenced 2 times from GUI__Private.o(.data)
</UL>
<P>
<H3>
Global Symbols
</H3>
<P><STRONG><a name="[8d]"></a>__main</STRONG> (Thumb, 0 bytes, Stack size unknown bytes, entry.o(.ARM.Collect$$$$00000000))
<BR>[Address Reference Count : 1]<UL><LI> startup_stm32f746xx.o(.text)
</UL>
<P><STRONG><a name="[411]"></a>_main_stk</STRONG> (Thumb, 0 bytes, Stack size unknown bytes, entry2.o(.ARM.Collect$$$$00000001))

<P><STRONG><a name="[15a]"></a>_main_scatterload</STRONG> (Thumb, 0 bytes, Stack size unknown bytes, entry5.o(.ARM.Collect$$$$00000004))
<BR><BR>[Calls]<UL><LI><a href="#[15b]">&gt;&gt;</a>&nbsp;&nbsp;&nbsp;__scatterload
</UL>

<P><STRONG><a name="[170]"></a>__main_after_scatterload</STRONG> (Thumb, 0 bytes, Stack size unknown bytes, entry5.o(.ARM.Collect$$$$00000004))
<BR><BR>[Called By]<UL><LI><a href="#[15b]">&gt;&gt;</a>&nbsp;&nbsp;&nbsp;__scatterload
</UL>

<P><STRONG><a name="[412]"></a>_main_clock</STRONG> (Thumb, 0 bytes, Stack size unknown bytes, entry7b.o(.ARM.Collect$$$$00000008))

<P><STRONG><a name="[413]"></a>_main_cpp_init</STRONG> (Thumb, 0 bytes, Stack size unknown bytes, entry8b.o(.ARM.Collect$$$$0000000A))

<P><STRONG><a name="[414]"></a>_main_init</STRONG> (Thumb, 0 bytes, Stack size unknown bytes, entry9a.o(.ARM.Collect$$$$0000000B))

<P><STRONG><a name="[415]"></a>__rt_lib_shutdown_fini</STRONG> (Thumb, 0 bytes, Stack size unknown bytes, entry12b.o(.ARM.Collect$$$$0000000E))

<P><STRONG><a name="[416]"></a>__rt_final_cpp</STRONG> (Thumb, 0 bytes, Stack size unknown bytes, entry10a.o(.ARM.Collect$$$$0000000F))

<P><STRONG><a name="[417]"></a>__rt_final_exit</STRONG> (Thumb, 0 bytes, Stack size unknown bytes, entry11a.o(.ARM.Collect$$$$00000011))

<P><STRONG><a name="[20]"></a>Reset_Handler</STRONG> (Thumb, 8 bytes, Stack size 0 bytes, startup_stm32f746xx.o(.text))
<BR>[Address Reference Count : 1]<UL><LI> startup_stm32f746xx.o(RESET)
</UL>
<P><STRONG><a name="[29]"></a>SysTick_Handler</STRONG> (Thumb, 2 bytes, Stack size 0 bytes, startup_stm32f746xx.o(.text))
<BR><BR>[Calls]<UL><LI><a href="#[29]">&gt;&gt;</a>&nbsp;&nbsp;&nbsp;SysTick_Handler
</UL>
<BR>[Called By]<UL><LI><a href="#[29]">&gt;&gt;</a>&nbsp;&nbsp;&nbsp;SysTick_Handler
</UL>
<BR>[Address Reference Count : 1]<UL><LI> startup_stm32f746xx.o(RESET)
</UL>
<P><STRONG><a name="[3c]"></a>ADC_IRQHandler</STRONG> (Thumb, 0 bytes, Stack size 0 bytes, startup_stm32f746xx.o(.text))
<BR><BR>[Calls]<UL><LI><a href="#[3c]">&gt;&gt;</a>&nbsp;&nbsp;&nbsp;ADC_IRQHandler
</UL>
<BR>[Called By]<UL><LI><a href="#[3c]">&gt;&gt;</a>&nbsp;&nbsp;&nbsp;ADC_IRQHandler
</UL>
<BR>[Address Reference Count : 1]<UL><LI> startup_stm32f746xx.o(RESET)
</UL>
<P><STRONG><a name="[3e]"></a>CAN1_RX0_IRQHandler</STRONG> (Thumb, 0 bytes, Stack size 0 bytes, startup_stm32f746xx.o(.text))
<BR>[Address Reference Count : 1]<UL><LI> startup_stm32f746xx.o(RESET)
</UL>
<P><STRONG><a name="[3f]"></a>CAN1_RX1_IRQHandler</STRONG> (Thumb, 0 bytes, Stack size 0 bytes, startup_stm32f746xx.o(.text))
<BR>[Address Reference Count : 1]<UL><LI> startup_stm32f746xx.o(RESET)
</UL>
<P><STRONG><a name="[40]"></a>CAN1_SCE_IRQHandler</STRONG> (Thumb, 0 bytes, Stack size 0 bytes, startup_stm32f746xx.o(.text))
<BR>[Address Reference Count : 1]<UL><LI> startup_stm32f746xx.o(RESET)
</UL>
<P><STRONG><a name="[3d]"></a>CAN1_TX_IRQHandler</STRONG> (Thumb, 0 bytes, Stack size 0 bytes, startup_stm32f746xx.o(.text))
<BR>[Address Reference Count : 1]<UL><LI> startup_stm32f746xx.o(RESET)
</UL>
<P><STRONG><a name="[6a]"></a>CAN2_RX0_IRQHandler</STRONG> (Thumb, 0 bytes, Stack size 0 bytes, startup_stm32f746xx.o(.text))
<BR>[Address Reference Count : 1]<UL><LI> startup_stm32f746xx.o(RESET)
</UL>
<P><STRONG><a name="[6b]"></a>CAN2_RX1_IRQHandler</STRONG> (Thumb, 0 bytes, Stack size 0 bytes, startup_stm32f746xx.o(.text))
<BR>[Address Reference Count : 1]<UL><LI> startup_stm32f746xx.o(RESET)
</UL>
<P><STRONG><a name="[6c]"></a>CAN2_SCE_IRQHandler</STRONG> (Thumb, 0 bytes, Stack size 0 bytes, startup_stm32f746xx.o(.text))
<BR>[Address Reference Count : 1]<UL><LI> startup_stm32f746xx.o(RESET)
</UL>
<P><STRONG><a name="[69]"></a>CAN2_TX_IRQHandler</STRONG> (Thumb, 0 bytes, Stack size 0 bytes, startup_stm32f746xx.o(.text))
<BR>[Address Reference Count : 1]<UL><LI> startup_stm32f746xx.o(RESET)
</UL>
<P><STRONG><a name="[87]"></a>CEC_IRQHandler</STRONG> (Thumb, 0 bytes, Stack size 0 bytes, startup_stm32f746xx.o(.text))
<BR>[Address Reference Count : 1]<UL><LI> startup_stm32f746xx.o(RESET)
</UL>
<P><STRONG><a name="[78]"></a>DCMI_IRQHandler</STRONG> (Thumb, 0 bytes, Stack size 0 bytes, startup_stm32f746xx.o(.text))
<BR>[Address Reference Count : 1]<UL><LI> startup_stm32f746xx.o(RESET)
</UL>
<P><STRONG><a name="[35]"></a>DMA1_Stream0_IRQHandler</STRONG> (Thumb, 0 bytes, Stack size 0 bytes, startup_stm32f746xx.o(.text))
<BR>[Address Reference Count : 1]<UL><LI> startup_stm32f746xx.o(RESET)
</UL>
<P><STRONG><a name="[36]"></a>DMA1_Stream1_IRQHandler</STRONG> (Thumb, 0 bytes, Stack size 0 bytes, startup_stm32f746xx.o(.text))
<BR>[Address Reference Count : 1]<UL><LI> startup_stm32f746xx.o(RESET)
</UL>
<P><STRONG><a name="[37]"></a>DMA1_Stream2_IRQHandler</STRONG> (Thumb, 0 bytes, Stack size 0 bytes, startup_stm32f746xx.o(.text))
<BR>[Address Reference Count : 1]<UL><LI> startup_stm32f746xx.o(RESET)
</UL>
<P><STRONG><a name="[38]"></a>DMA1_Stream3_IRQHandler</STRONG> (Thumb, 0 bytes, Stack size 0 bytes, startup_stm32f746xx.o(.text))
<BR>[Address Reference Count : 1]<UL><LI> startup_stm32f746xx.o(RESET)
</UL>
<P><STRONG><a name="[39]"></a>DMA1_Stream4_IRQHandler</STRONG> (Thumb, 0 bytes, Stack size 0 bytes, startup_stm32f746xx.o(.text))
<BR>[Address Reference Count : 1]<UL><LI> startup_stm32f746xx.o(RESET)
</UL>
<P><STRONG><a name="[3a]"></a>DMA1_Stream5_IRQHandler</STRONG> (Thumb, 0 bytes, Stack size 0 bytes, startup_stm32f746xx.o(.text))
<BR>[Address Reference Count : 1]<UL><LI> startup_stm32f746xx.o(RESET)
</UL>
<P><STRONG><a name="[3b]"></a>DMA1_Stream6_IRQHandler</STRONG> (Thumb, 0 bytes, Stack size 0 bytes, startup_stm32f746xx.o(.text))
<BR>[Address Reference Count : 1]<UL><LI> startup_stm32f746xx.o(RESET)
</UL>
<P><STRONG><a name="[59]"></a>DMA1_Stream7_IRQHandler</STRONG> (Thumb, 0 bytes, Stack size 0 bytes, startup_stm32f746xx.o(.text))
<BR>[Address Reference Count : 1]<UL><LI> startup_stm32f746xx.o(RESET)
</UL>
<P><STRONG><a name="[62]"></a>DMA2_Stream0_IRQHandler</STRONG> (Thumb, 0 bytes, Stack size 0 bytes, startup_stm32f746xx.o(.text))
<BR>[Address Reference Count : 1]<UL><LI> startup_stm32f746xx.o(RESET)
</UL>
<P><STRONG><a name="[63]"></a>DMA2_Stream1_IRQHandler</STRONG> (Thumb, 0 bytes, Stack size 0 bytes, startup_stm32f746xx.o(.text))
<BR>[Address Reference Count : 1]<UL><LI> startup_stm32f746xx.o(RESET)
</UL>
<P><STRONG><a name="[64]"></a>DMA2_Stream2_IRQHandler</STRONG> (Thumb, 0 bytes, Stack size 0 bytes, startup_stm32f746xx.o(.text))
<BR>[Address Reference Count : 1]<UL><LI> startup_stm32f746xx.o(RESET)
</UL>
<P><STRONG><a name="[65]"></a>DMA2_Stream3_IRQHandler</STRONG> (Thumb, 0 bytes, Stack size 0 bytes, startup_stm32f746xx.o(.text))
<BR>[Address Reference Count : 1]<UL><LI> startup_stm32f746xx.o(RESET)
</UL>
<P><STRONG><a name="[66]"></a>DMA2_Stream4_IRQHandler</STRONG> (Thumb, 0 bytes, Stack size 0 bytes, startup_stm32f746xx.o(.text))
<BR>[Address Reference Count : 1]<UL><LI> startup_stm32f746xx.o(RESET)
</UL>
<P><STRONG><a name="[6e]"></a>DMA2_Stream5_IRQHandler</STRONG> (Thumb, 0 bytes, Stack size 0 bytes, startup_stm32f746xx.o(.text))
<BR>[Address Reference Count : 1]<UL><LI> startup_stm32f746xx.o(RESET)
</UL>
<P><STRONG><a name="[6f]"></a>DMA2_Stream6_IRQHandler</STRONG> (Thumb, 0 bytes, Stack size 0 bytes, startup_stm32f746xx.o(.text))
<BR>[Address Reference Count : 1]<UL><LI> startup_stm32f746xx.o(RESET)
</UL>
<P><STRONG><a name="[70]"></a>DMA2_Stream7_IRQHandler</STRONG> (Thumb, 0 bytes, Stack size 0 bytes, startup_stm32f746xx.o(.text))
<BR>[Address Reference Count : 1]<UL><LI> startup_stm32f746xx.o(RESET)
</UL>
<P><STRONG><a name="[67]"></a>ETH_IRQHandler</STRONG> (Thumb, 0 bytes, Stack size 0 bytes, startup_stm32f746xx.o(.text))
<BR>[Address Reference Count : 1]<UL><LI> startup_stm32f746xx.o(RESET)
</UL>
<P><STRONG><a name="[68]"></a>ETH_WKUP_IRQHandler</STRONG> (Thumb, 0 bytes, Stack size 0 bytes, startup_stm32f746xx.o(.text))
<BR>[Address Reference Count : 1]<UL><LI> startup_stm32f746xx.o(RESET)
</UL>
<P><STRONG><a name="[30]"></a>EXTI0_IRQHandler</STRONG> (Thumb, 0 bytes, Stack size 0 bytes, startup_stm32f746xx.o(.text))
<BR>[Address Reference Count : 1]<UL><LI> startup_stm32f746xx.o(RESET)
</UL>
<P><STRONG><a name="[52]"></a>EXTI15_10_IRQHandler</STRONG> (Thumb, 0 bytes, Stack size 0 bytes, startup_stm32f746xx.o(.text))
<BR>[Address Reference Count : 1]<UL><LI> startup_stm32f746xx.o(RESET)
</UL>
<P><STRONG><a name="[31]"></a>EXTI1_IRQHandler</STRONG> (Thumb, 0 bytes, Stack size 0 bytes, startup_stm32f746xx.o(.text))
<BR>[Address Reference Count : 1]<UL><LI> startup_stm32f746xx.o(RESET)
</UL>
<P><STRONG><a name="[32]"></a>EXTI2_IRQHandler</STRONG> (Thumb, 0 bytes, Stack size 0 bytes, startup_stm32f746xx.o(.text))
<BR>[Address Reference Count : 1]<UL><LI> startup_stm32f746xx.o(RESET)
</UL>
<P><STRONG><a name="[33]"></a>EXTI3_IRQHandler</STRONG> (Thumb, 0 bytes, Stack size 0 bytes, startup_stm32f746xx.o(.text))
<BR>[Address Reference Count : 1]<UL><LI> startup_stm32f746xx.o(RESET)
</UL>
<P><STRONG><a name="[34]"></a>EXTI4_IRQHandler</STRONG> (Thumb, 0 bytes, Stack size 0 bytes, startup_stm32f746xx.o(.text))
<BR>[Address Reference Count : 1]<UL><LI> startup_stm32f746xx.o(RESET)
</UL>
<P><STRONG><a name="[41]"></a>EXTI9_5_IRQHandler</STRONG> (Thumb, 0 bytes, Stack size 0 bytes, startup_stm32f746xx.o(.text))
<BR>[Address Reference Count : 1]<UL><LI> startup_stm32f746xx.o(RESET)
</UL>
<P><STRONG><a name="[2e]"></a>FLASH_IRQHandler</STRONG> (Thumb, 0 bytes, Stack size 0 bytes, startup_stm32f746xx.o(.text))
<BR>[Address Reference Count : 1]<UL><LI> startup_stm32f746xx.o(RESET)
</UL>
<P><STRONG><a name="[5a]"></a>FMC_IRQHandler</STRONG> (Thumb, 0 bytes, Stack size 0 bytes, startup_stm32f746xx.o(.text))
<BR>[Address Reference Count : 1]<UL><LI> startup_stm32f746xx.o(RESET)
</UL>
<P><STRONG><a name="[7a]"></a>FPU_IRQHandler</STRONG> (Thumb, 0 bytes, Stack size 0 bytes, startup_stm32f746xx.o(.text))
<BR>[Address Reference Count : 1]<UL><LI> startup_stm32f746xx.o(RESET)
</UL>
<P><STRONG><a name="[4a]"></a>I2C1_ER_IRQHandler</STRONG> (Thumb, 0 bytes, Stack size 0 bytes, startup_stm32f746xx.o(.text))
<BR>[Address Reference Count : 1]<UL><LI> startup_stm32f746xx.o(RESET)
</UL>
<P><STRONG><a name="[49]"></a>I2C1_EV_IRQHandler</STRONG> (Thumb, 0 bytes, Stack size 0 bytes, startup_stm32f746xx.o(.text))
<BR>[Address Reference Count : 1]<UL><LI> startup_stm32f746xx.o(RESET)
</UL>
<P><STRONG><a name="[4c]"></a>I2C2_ER_IRQHandler</STRONG> (Thumb, 0 bytes, Stack size 0 bytes, startup_stm32f746xx.o(.text))
<BR>[Address Reference Count : 1]<UL><LI> startup_stm32f746xx.o(RESET)
</UL>
<P><STRONG><a name="[4b]"></a>I2C2_EV_IRQHandler</STRONG> (Thumb, 0 bytes, Stack size 0 bytes, startup_stm32f746xx.o(.text))
<BR>[Address Reference Count : 1]<UL><LI> startup_stm32f746xx.o(RESET)
</UL>
<P><STRONG><a name="[73]"></a>I2C3_ER_IRQHandler</STRONG> (Thumb, 0 bytes, Stack size 0 bytes, startup_stm32f746xx.o(.text))
<BR>[Address Reference Count : 1]<UL><LI> startup_stm32f746xx.o(RESET)
</UL>
<P><STRONG><a name="[72]"></a>I2C3_EV_IRQHandler</STRONG> (Thumb, 0 bytes, Stack size 0 bytes, startup_stm32f746xx.o(.text))
<BR>[Address Reference Count : 1]<UL><LI> startup_stm32f746xx.o(RESET)
</UL>
<P><STRONG><a name="[89]"></a>I2C4_ER_IRQHandler</STRONG> (Thumb, 0 bytes, Stack size 0 bytes, startup_stm32f746xx.o(.text))
<BR>[Address Reference Count : 1]<UL><LI> startup_stm32f746xx.o(RESET)
</UL>
<P><STRONG><a name="[88]"></a>I2C4_EV_IRQHandler</STRONG> (Thumb, 0 bytes, Stack size 0 bytes, startup_stm32f746xx.o(.text))
<BR>[Address Reference Count : 1]<UL><LI> startup_stm32f746xx.o(RESET)
</UL>
<P><STRONG><a name="[86]"></a>LPTIM1_IRQHandler</STRONG> (Thumb, 0 bytes, Stack size 0 bytes, startup_stm32f746xx.o(.text))
<BR>[Address Reference Count : 1]<UL><LI> startup_stm32f746xx.o(RESET)
</UL>
<P><STRONG><a name="[82]"></a>LTDC_ER_IRQHandler</STRONG> (Thumb, 0 bytes, Stack size 0 bytes, startup_stm32f746xx.o(.text))
<BR>[Address Reference Count : 1]<UL><LI> startup_stm32f746xx.o(RESET)
</UL>
<P><STRONG><a name="[54]"></a>OTG_FS_WKUP_IRQHandler</STRONG> (Thumb, 0 bytes, Stack size 0 bytes, startup_stm32f746xx.o(.text))
<BR>[Address Reference Count : 1]<UL><LI> startup_stm32f746xx.o(RESET)
</UL>
<P><STRONG><a name="[75]"></a>OTG_HS_EP1_IN_IRQHandler</STRONG> (Thumb, 0 bytes, Stack size 0 bytes, startup_stm32f746xx.o(.text))
<BR>[Address Reference Count : 1]<UL><LI> startup_stm32f746xx.o(RESET)
</UL>
<P><STRONG><a name="[74]"></a>OTG_HS_EP1_OUT_IRQHandler</STRONG> (Thumb, 0 bytes, Stack size 0 bytes, startup_stm32f746xx.o(.text))
<BR>[Address Reference Count : 1]<UL><LI> startup_stm32f746xx.o(RESET)
</UL>
<P><STRONG><a name="[77]"></a>OTG_HS_IRQHandler</STRONG> (Thumb, 0 bytes, Stack size 0 bytes, startup_stm32f746xx.o(.text))
[...]
<LI><a href="#[17b]">&gt;&gt;</a>&nbsp;&nbsp;&nbsp;GUI_ALLOC_LockH
</UL>
<BR>[Address Reference Count : 1]<UL><LI> GUIDEV_16.o(.rodata)
</UL>
<P><STRONG><a name="[9d]"></a>_cbInvalidateOne</STRONG> (Thumb, 4 bytes, Stack size unknown bytes, WM_BringToTop.o(.text._cbInvalidateOne))
<BR><BR>[Calls]<UL><LI><a href="#[185]">&gt;&gt;</a>&nbsp;&nbsp;&nbsp;WM_InvalidateWindow
</UL>
<BR>[Address Reference Count : 1]<UL><LI> WM_BringToTop.o(.text.WM_BringToTop)
</UL>
<P><STRONG><a name="[2ae]"></a>_MoveDescendents</STRONG> (Thumb, 598 bytes, Stack size unknown bytes, WM_Move.o(.text._MoveDescendents))
<BR><BR>[Calls]<UL><LI><a href="#[1b1]">&gt;&gt;</a>&nbsp;&nbsp;&nbsp;WM__SendMessage
<LI><a href="#[18b]">&gt;&gt;</a>&nbsp;&nbsp;&nbsp;GUI_MoveRect
<LI><a href="#[17c]">&gt;&gt;</a>&nbsp;&nbsp;&nbsp;GUI_ALLOC_UnlockH
<LI><a href="#[17b]">&gt;&gt;</a>&nbsp;&nbsp;&nbsp;GUI_ALLOC_LockH
<LI><a href="#[2ae]">&gt;&gt;</a>&nbsp;&nbsp;&nbsp;_MoveDescendents
</UL>
<BR>[Called By]<UL><LI><a href="#[2ad]">&gt;&gt;</a>&nbsp;&nbsp;&nbsp;WM_MoveWindow
<LI><a href="#[2ae]">&gt;&gt;</a>&nbsp;&nbsp;&nbsp;_MoveDescendents
</UL>

<P><STRONG><a name="[19]"></a>_Create</STRONG> (Thumb, 54 bytes, Stack size unknown bytes, BUTTON_Skin.o(.text._Create))
<BR><BR>[Stack]<UL><LI>Max Depth = 8 + Unknown Stack Size
<LI>Call Chain = _Create &rArr; memset
</UL>
<BR>[Calls]<UL><LI><a href="#[17]">&gt;&gt;</a>&nbsp;&nbsp;&nbsp;memset
<LI><a href="#[17c]">&gt;&gt;</a>&nbsp;&nbsp;&nbsp;GUI_ALLOC_UnlockH
<LI><a href="#[17b]">&gt;&gt;</a>&nbsp;&nbsp;&nbsp;GUI_ALLOC_LockH
</UL>
<BR>[Address Reference Count : 1]<UL><LI> BUTTON_Skin.o(.data)
</UL>
<P><STRONG><a name="[18]"></a>_Paint</STRONG> (Thumb, 134 bytes, Stack size unknown bytes, BUTTON_Skin.o(.text._Paint))
<BR><BR>[Calls]<UL><LI><a href="#[199]">&gt;&gt;</a>&nbsp;&nbsp;&nbsp;WM_GetWindowSizeX
<LI><a href="#[17c]">&gt;&gt;</a>&nbsp;&nbsp;&nbsp;GUI_ALLOC_UnlockH
<LI><a href="#[17b]">&gt;&gt;</a>&nbsp;&nbsp;&nbsp;GUI_ALLOC_LockH
<LI><a href="#[1bc]">&gt;&gt;</a>&nbsp;&nbsp;&nbsp;WM_GetWindowSizeY
</UL>
<BR>[Address Reference Count : 1]<UL><LI> BUTTON_Skin.o(.data)
</UL>
<P><STRONG><a name="[1c]"></a>_GetBorderSize</STRONG> (Thumb, 88 bytes, Stack size unknown bytes, FRAMEWIN_Skin.o(.text._GetBorderSize))
<BR><BR>[Calls]<UL><LI><a href="#[17c]">&gt;&gt;</a>&nbsp;&nbsp;&nbsp;GUI_ALLOC_UnlockH
<LI><a href="#[17b]">&gt;&gt;</a>&nbsp;&nbsp;&nbsp;GUI_ALLOC_LockH
</UL>
<BR>[Address Reference Count : 1]<UL><LI> FRAMEWIN_Skin.o(.data)
</UL>
<P><STRONG><a name="[1b]"></a>_Create</STRONG> (Thumb, 44 bytes, Stack size unknown bytes, FRAMEWIN_Skin.o(.text._Create))
<BR><BR>[Calls]<UL><LI><a href="#[17c]">&gt;&gt;</a>&nbsp;&nbsp;&nbsp;GUI_ALLOC_UnlockH
<LI><a href="#[17b]">&gt;&gt;</a>&nbsp;&nbsp;&nbsp;GUI_ALLOC_LockH
</UL>
<BR>[Address Reference Count : 1]<UL><LI> FRAMEWIN_Skin.o(.data)
</UL>
<P><STRONG><a name="[1a]"></a>_Paint</STRONG> (Thumb, 402 bytes, Stack size unknown bytes, FRAMEWIN_Skin.o(.text._Paint))
<BR><BR>[Calls]<UL><LI><a href="#[199]">&gt;&gt;</a>&nbsp;&nbsp;&nbsp;WM_GetWindowSizeX
<LI><a href="#[1dd]">&gt;&gt;</a>&nbsp;&nbsp;&nbsp;WM__GetNextIVR
<LI><a href="#[1dc]">&gt;&gt;</a>&nbsp;&nbsp;&nbsp;WM__InitIVRSearch
<LI><a href="#[18c]">&gt;&gt;</a>&nbsp;&nbsp;&nbsp;GUI_SetTextMode
<LI><a href="#[189]">&gt;&gt;</a>&nbsp;&nbsp;&nbsp;GUI_SetFont
<LI><a href="#[17c]">&gt;&gt;</a>&nbsp;&nbsp;&nbsp;GUI_ALLOC_UnlockH
<LI><a href="#[17b]">&gt;&gt;</a>&nbsp;&nbsp;&nbsp;GUI_ALLOC_LockH
<LI><a href="#[1bc]">&gt;&gt;</a>&nbsp;&nbsp;&nbsp;WM_GetWindowSizeY
<LI><a href="#[1bd]">&gt;&gt;</a>&nbsp;&nbsp;&nbsp;FRAMEWIN__GetTitleLimits
<LI><a href="#[1bf]">&gt;&gt;</a>&nbsp;&nbsp;&nbsp;FRAMEWIN__CalcTitleHeight
</UL>
<BR>[Address Reference Count : 1]<UL><LI> FRAMEWIN_Skin.o(.data)
</UL>
<P><STRONG><a name="[144]"></a>_GetIndexMask_0</STRONG> (Thumb, 74 bytes, Stack size unknown bytes, GUICC_0.o(.text._GetIndexMask_0))
<BR><BR>[Calls]<UL><LI><a href="#[26c]">&gt;&gt;</a>&nbsp;&nbsp;&nbsp;LCD_GetNumColors
</UL>
<BR>[Address Reference Count : 1]<UL><LI> GUICC_0.o(.rodata)
</UL>
<P><STRONG><a name="[143]"></a>_Index2Color_0</STRONG> (Thumb, 30 bytes, Stack size unknown bytes, GUICC_0.o(.text._Index2Color_0))
<BR><BR>[Calls]<UL><LI><a href="#[26f]">&gt;&gt;</a>&nbsp;&nbsp;&nbsp;LCD_GetPalette
<LI><a href="#[26c]">&gt;&gt;</a>&nbsp;&nbsp;&nbsp;LCD_GetNumColors
</UL>
<BR>[Address Reference Count : 1]<UL><LI> GUICC_0.o(.rodata)
</UL>
<P><STRONG><a name="[142]"></a>_Color2Index_0</STRONG> (Thumb, 84 bytes, Stack size unknown bytes, GUICC_0.o(.text._Color2Index_0))
<BR><BR>[Calls]<UL><LI><a href="#[26f]">&gt;&gt;</a>&nbsp;&nbsp;&nbsp;LCD_GetPalette
<LI><a href="#[26c]">&gt;&gt;</a>&nbsp;&nbsp;&nbsp;LCD_GetNumColors
<LI><a href="#[2c2]">&gt;&gt;</a>&nbsp;&nbsp;&nbsp;GUI_CalcColorDist
</UL>
<BR>[Address Reference Count : 1]<UL><LI> GUICC_0.o(.rodata)
</UL>
<P><STRONG><a name="[24f]"></a>_Link</STRONG> (Thumb, 156 bytes, Stack size unknown bytes, GUI_Timer.o(.text._Link))
<BR><BR>[Calls]<UL><LI><a href="#[17c]">&gt;&gt;</a>&nbsp;&nbsp;&nbsp;GUI_ALLOC_UnlockH
<LI><a href="#[17b]">&gt;&gt;</a>&nbsp;&nbsp;&nbsp;GUI_ALLOC_LockH
</UL>
<BR>[Called By]<UL><LI><a href="#[24e]">&gt;&gt;</a>&nbsp;&nbsp;&nbsp;GUI_TIMER_Restart
</UL>

<P><STRONG><a name="[1d]"></a>_GetWordWrap</STRONG> (Thumb, 240 bytes, Stack size unknown bytes, GUI__Wrap.o(.text._GetWordWrap))
<BR><BR>[Calls]<UL><LI><a href="#[260]">&gt;&gt;</a>&nbsp;&nbsp;&nbsp;GUI_GetCharDistX
<LI><a href="#[25f]">&gt;&gt;</a>&nbsp;&nbsp;&nbsp;GUI_UC__GetCharCodeInc
</UL>
<BR>[Address Reference Count : 1]<UL><LI> GUI__Wrap.o(.data)
</UL>
<P><STRONG><a name="[1e]"></a>_GetCharWrap</STRONG> (Thumb, 60 bytes, Stack size unknown bytes, GUI__Wrap.o(.text._GetCharWrap))
<BR><BR>[Calls]<UL><LI><a href="#[260]">&gt;&gt;</a>&nbsp;&nbsp;&nbsp;GUI_GetCharDistX
<LI><a href="#[25f]">&gt;&gt;</a>&nbsp;&nbsp;&nbsp;GUI_UC__GetCharCodeInc
</UL>
<BR>[Address Reference Count : 1]<UL><LI> GUI__Wrap.o(.data)
</UL>
<P><STRONG><a name="[14f]"></a>_GetDevData</STRONG> (Thumb, 16 bytes, Stack size unknown bytes, GUIDEV_32.o(.text._GetDevData))
<BR>[Address Reference Count : 1]<UL><LI> GUIDEV_32.o(.rodata)
</UL>
<P><STRONG><a name="[14d]"></a>_GetDevFunc</STRONG> (Thumb, 16 bytes, Stack size unknown bytes, GUIDEV_32.o(.text._GetDevFunc))
<BR>[Address Reference Count : 1]<UL><LI> GUIDEV_32.o(.rodata)
</UL>
<P><STRONG><a name="[14e]"></a>_GetDevProp</STRONG> (Thumb, 10 bytes, Stack size unknown bytes, GUIDEV_32.o(.text._GetDevProp))
<BR>[Address Reference Count : 1]<UL><LI> GUIDEV_32.o(.rodata)
</UL>
<P><STRONG><a name="[14c]"></a>_SetOrg</STRONG> (Thumb, 8 bytes, Stack size unknown bytes, GUIDEV_32.o(.text._SetOrg))
<BR>[Address Reference Count : 1]<UL><LI> GUIDEV_32.o(.rodata)
</UL>
<P><STRONG><a name="[150]"></a>_GetRect</STRONG> (Thumb, 56 bytes, Stack size unknown bytes, GUIDEV_32.o(.text._GetRect))
<BR><BR>[Calls]<UL><LI><a href="#[17c]">&gt;&gt;</a>&nbsp;&nbsp;&nbsp;GUI_ALLOC_UnlockH
<LI><a href="#[17b]">&gt;&gt;</a>&nbsp;&nbsp;&nbsp;GUI_ALLOC_LockH
</UL>
<BR>[Address Reference Count : 1]<UL><LI> GUIDEV_32.o(.rodata)
</UL>
<P><STRONG><a name="[145]"></a>_DrawBitmap</STRONG> (Thumb, 2496 bytes, Stack size unknown bytes, GUIDEV_32.o(.text._DrawBitmap))
<BR><BR>[Calls]<UL><LI><a href="#[17c]">&gt;&gt;</a>&nbsp;&nbsp;&nbsp;GUI_ALLOC_UnlockH
<LI><a href="#[17b]">&gt;&gt;</a>&nbsp;&nbsp;&nbsp;GUI_ALLOC_LockH
<LI><a href="#[2c3]">&gt;&gt;</a>&nbsp;&nbsp;&nbsp;GUI_USAGE_AddRect
</UL>
<BR>[Address Reference Count : 1]<UL><LI> GUIDEV_32.o(.rodata)
</UL>
<P><STRONG><a name="[149]"></a>_GetPixelIndex</STRONG> (Thumb, 64 bytes, Stack size unknown bytes, GUIDEV_32.o(.text._GetPixelIndex))
<BR><BR>[Calls]<UL><LI><a href="#[17c]">&gt;&gt;</a>&nbsp;&nbsp;&nbsp;GUI_ALLOC_UnlockH
<LI><a href="#[17b]">&gt;&gt;</a>&nbsp;&nbsp;&nbsp;GUI_ALLOC_LockH
</UL>
<BR>[Address Reference Count : 1]<UL><LI> GUIDEV_32.o(.rodata)
</UL>
<P><STRONG><a name="[14a]"></a>_SetPixelIndex</STRONG> (Thumb, 120 bytes, Stack size unknown bytes, GUIDEV_32.o(.text._SetPixelIndex))
<BR><BR>[Calls]<UL><LI><a href="#[17c]">&gt;&gt;</a>&nbsp;&nbsp;&nbsp;GUI_ALLOC_UnlockH
<LI><a href="#[17b]">&gt;&gt;</a>&nbsp;&nbsp;&nbsp;GUI_ALLOC_LockH
</UL>
<BR>[Address Reference Count : 1]<UL><LI> GUIDEV_32.o(.rodata)
</UL>
<P><STRONG><a name="[14b]"></a>_XorPixel</STRONG> (Thumb, 132 bytes, Stack size unknown bytes, GUIDEV_32.o(.text._XorPixel))
<BR><BR>[Calls]<UL><LI><a href="#[17c]">&gt;&gt;</a>&nbsp;&nbsp;&nbsp;GUI_ALLOC_UnlockH
<LI><a href="#[17b]">&gt;&gt;</a>&nbsp;&nbsp;&nbsp;GUI_ALLOC_LockH
</UL>
<BR>[Address Reference Count : 1]<UL><LI> GUIDEV_32.o(.rodata)
</UL>
<P><STRONG><a name="[148]"></a>_FillRect</STRONG> (Thumb, 236 bytes, Stack size unknown bytes, GUIDEV_32.o(.text._FillRect))
<BR><BR>[Calls]<UL><LI><a href="#[17c]">&gt;&gt;</a>&nbsp;&nbsp;&nbsp;GUI_ALLOC_UnlockH
<LI><a href="#[17b]">&gt;&gt;</a>&nbsp;&nbsp;&nbsp;GUI_ALLOC_LockH
<LI><a href="#[2c3]">&gt;&gt;</a>&nbsp;&nbsp;&nbsp;GUI_USAGE_AddRect
</UL>
<BR>[Called By]<UL><LI><a href="#[146]">&gt;&gt;</a>&nbsp;&nbsp;&nbsp;_DrawHLine
</UL>
<BR>[Address Reference Count : 1]<UL><LI> GUIDEV_32.o(.rodata)
</UL>
<P><STRONG><a name="[146]"></a>_DrawHLine</STRONG> (Thumb, 16 bytes, Stack size unknown bytes, GUIDEV_32.o(.text._DrawHLine))
<BR><BR>[Calls]<UL><LI><a href="#[148]">&gt;&gt;</a>&nbsp;&nbsp;&nbsp;_FillRect
</UL>
<BR>[Address Reference Count : 1]<UL><LI> GUIDEV_32.o(.rodata)
</UL>
<P><STRONG><a name="[147]"></a>_DrawVLine</STRONG> (Thumb, 228 bytes, Stack size unknown bytes, GUIDEV_32.o(.text._DrawVLine))
<BR><BR>[Calls]<UL><LI><a href="#[17c]">&gt;&gt;</a>&nbsp;&nbsp;&nbsp;GUI_ALLOC_UnlockH
<LI><a href="#[17b]">&gt;&gt;</a>&nbsp;&nbsp;&nbsp;GUI_ALLOC_LockH
</UL>
<BR>[Address Reference Count : 1]<UL><LI> GUIDEV_32.o(.rodata)
</UL>
<P><STRONG><a name="[151]"></a>GUI_USAGE_BM_AddPixel</STRONG> (Thumb, 44 bytes, Stack size unknown bytes, GUIDEV_UsageBM.o(.text.GUI_USAGE_BM_AddPixel))
<BR>[Address Reference Count : 1]<UL><LI> GUIDEV_UsageBM.o(.rodata)
</UL>
<P><STRONG><a name="[155]"></a>GUI_USAGE_BM_GetNextDirty</STRONG> (Thumb, 192 bytes, Stack size unknown bytes, GUIDEV_UsageBM.o(.text.GUI_USAGE_BM_GetNextDirty))
<BR>[Address Reference Count : 1]<UL><LI> GUIDEV_UsageBM.o(.rodata)
</UL>
<P><STRONG><a name="[154]"></a>_GUI_USAGE_BM_Delete</STRONG> (Thumb, 4 bytes, Stack size unknown bytes, GUIDEV_UsageBM.o(.text._GUI_USAGE_BM_Delete))
<BR><BR>[Calls]<UL><LI><a href="#[1d0]">&gt;&gt;</a>&nbsp;&nbsp;&nbsp;GUI_ALLOC_Free
</UL>
<BR>[Address Reference Count : 1]<UL><LI> GUIDEV_UsageBM.o(.rodata)
</UL>
<P><STRONG><a name="[153]"></a>GUI_USAGE_BM_Clear</STRONG> (Thumb, 20 bytes, Stack size unknown bytes, GUIDEV_UsageBM.o(.text.GUI_USAGE_BM_Clear))
<BR><BR>[Stack]<UL><LI>Max Depth = 8 + Unknown Stack Size
<LI>Call Chain = GUI_USAGE_BM_Clear &rArr; memset
</UL>
<BR>[Calls]<UL><LI><a href="#[17]">&gt;&gt;</a>&nbsp;&nbsp;&nbsp;memset
</UL>
<BR>[Address Reference Count : 1]<UL><LI> GUIDEV_UsageBM.o(.rodata)
</UL>
<P><STRONG><a name="[152]"></a>GUI_USAGE_BM_AddHLine</STRONG> (Thumb, 114 bytes, Stack size unknown bytes, GUIDEV_UsageBM.o(.text.GUI_USAGE_BM_AddHLine))
<BR><BR>[Stack]<UL><LI>Max Depth = 8 + Unknown Stack Size
<LI>Call Chain = GUI_USAGE_BM_AddHLine &rArr; memset
</UL>
<BR>[Calls]<UL><LI><a href="#[17]">&gt;&gt;</a>&nbsp;&nbsp;&nbsp;memset
</UL>
<BR>[Address Reference Count : 1]<UL><LI> GUIDEV_UsageBM.o(.rodata)
</UL>
<P><STRONG><a name="[2b5]"></a>_Screen2hWin</STRONG> (Thumb, 932 bytes, Stack size unknown bytes, WM_Screen2Win.o(.text._Screen2hWin))
<BR><BR>[Calls]<UL><LI><a href="#[2b5]">&gt;&gt;</a>&nbsp;&nbsp;&nbsp;_Screen2hWin
<LI><a href="#[17c]">&gt;&gt;</a>&nbsp;&nbsp;&nbsp;GUI_ALLOC_UnlockH
<LI><a href="#[17b]">&gt;&gt;</a>&nbsp;&nbsp;&nbsp;GUI_ALLOC_LockH
<LI><a href="#[1e6]">&gt;&gt;</a>&nbsp;&nbsp;&nbsp;GUI_ALLOC_h2p
</UL>
<BR>[Called By]<UL><LI><a href="#[2b5]">&gt;&gt;</a>&nbsp;&nbsp;&nbsp;_Screen2hWin
<LI><a href="#[2a4]">&gt;&gt;</a>&nbsp;&nbsp;&nbsp;WM_Screen2hWin
</UL>

<P><STRONG><a name="[159]"></a>_DrawDownRect</STRONG> (Thumb, 56 bytes, Stack size unknown bytes, WIDGET_Effect_Simple.o(.text._DrawDownRect))
<BR><BR>[Stack]<UL><LI>Max Depth = 8 + Unknown Stack Size
<LI>Call Chain = _DrawDownRect &rArr; GUI_RestoreContext &rArr; memcpy
</UL>
<BR>[Calls]<UL><LI><a href="#[1c7]">&gt;&gt;</a>&nbsp;&nbsp;&nbsp;LCD_SetColor
<LI><a href="#[243]">&gt;&gt;</a>&nbsp;&nbsp;&nbsp;GUI_RestoreContext
<LI><a href="#[248]">&gt;&gt;</a>&nbsp;&nbsp;&nbsp;GUI_SaveContext_W
<LI><a href="#[187]">&gt;&gt;</a>&nbsp;&nbsp;&nbsp;GUI_DrawRect
</UL>
<BR>[Address Reference Count : 1]<UL><LI> WIDGET_Effect_Simple.o(.rodata)
</UL>
<P><STRONG><a name="[156]"></a>_DrawUp</STRONG> (Thumb, 60 bytes, Stack size unknown bytes, WIDGET_Effect_Simple.o(.text._DrawUp))
<BR><BR>[Stack]<UL><LI>Max Depth = 8 + Unknown Stack Size
<LI>Call Chain = _DrawUp &rArr; GUI_RestoreContext &rArr; memcpy
</UL>
<BR>[Calls]<UL><LI><a href="#[1c7]">&gt;&gt;</a>&nbsp;&nbsp;&nbsp;LCD_SetColor
<LI><a href="#[243]">&gt;&gt;</a>&nbsp;&nbsp;&nbsp;GUI_RestoreContext
<LI><a href="#[248]">&gt;&gt;</a>&nbsp;&nbsp;&nbsp;GUI_SaveContext_W
<LI><a href="#[1fe]">&gt;&gt;</a>&nbsp;&nbsp;&nbsp;WM_GetClientRect
<LI><a href="#[187]">&gt;&gt;</a>&nbsp;&nbsp;&nbsp;GUI_DrawRect
</UL>
<BR>[Address Reference Count : 1]<UL><LI> WIDGET_Effect_Simple.o(.rodata)
</UL>
<P><STRONG><a name="[157]"></a>_DrawUpRect</STRONG> (Thumb, 56 bytes, Stack size unknown bytes, WIDGET_Effect_Simple.o(.text._DrawUpRect))
<BR><BR>[Stack]<UL><LI>Max Depth = 8 + Unknown Stack Size
<LI>Call Chain = _DrawUpRect &rArr; GUI_RestoreContext &rArr; memcpy
</UL>
<BR>[Calls]<UL><LI><a href="#[1c7]">&gt;&gt;</a>&nbsp;&nbsp;&nbsp;LCD_SetColor
<LI><a href="#[243]">&gt;&gt;</a>&nbsp;&nbsp;&nbsp;GUI_RestoreContext
<LI><a href="#[248]">&gt;&gt;</a>&nbsp;&nbsp;&nbsp;GUI_SaveContext_W
<LI><a href="#[187]">&gt;&gt;</a>&nbsp;&nbsp;&nbsp;GUI_DrawRect
</UL>
<BR>[Address Reference Count : 1]<UL><LI> WIDGET_Effect_Simple.o(.rodata)
</UL>
<P><STRONG><a name="[158]"></a>_DrawDown</STRONG> (Thumb, 60 bytes, Stack size unknown bytes, WIDGET_Effect_Simple.o(.text._DrawDown))
<BR><BR>[Stack]<UL><LI>Max Depth = 8 + Unknown Stack Size
<LI>Call Chain = _DrawDown &rArr; GUI_RestoreContext &rArr; memcpy
</UL>
<BR>[Calls]<UL><LI><a href="#[1c7]">&gt;&gt;</a>&nbsp;&nbsp;&nbsp;LCD_SetColor
<LI><a href="#[243]">&gt;&gt;</a>&nbsp;&nbsp;&nbsp;GUI_RestoreContext
<LI><a href="#[248]">&gt;&gt;</a>&nbsp;&nbsp;&nbsp;GUI_SaveContext_W
<LI><a href="#[1fe]">&gt;&gt;</a>&nbsp;&nbsp;&nbsp;WM_GetClientRect
<LI><a href="#[187]">&gt;&gt;</a>&nbsp;&nbsp;&nbsp;GUI_DrawRect
</UL>
<BR>[Address Reference Count : 1]<UL><LI> WIDGET_Effect_Simple.o(.rodata)
</UL>
<P><STRONG><a name="[244]"></a>_CreateBuffer.isra.4</STRONG> (Thumb, 180 bytes, Stack size unknown bytes, GUI_SPRITE.o(.text._CreateBuffer.isra.4))
<BR><BR>[Stack]<UL><LI>Max Depth = 8 + Unknown Stack Size
<LI>Call Chain = _CreateBuffer.isra.4 &rArr; GUI_ALLOC_AllocNoInit &rArr; _Alloc &rArr; _RemoveHoles &rArr; memmove
</UL>
<BR>[Calls]<UL><LI><a href="#[21d]">&gt;&gt;</a>&nbsp;&nbsp;&nbsp;GUI_DEVICE__GetpDriver
<LI><a href="#[1d5]">&gt;&gt;</a>&nbsp;&nbsp;&nbsp;GUI_ALLOC_GetMaxSize
<LI><a href="#[17b]">&gt;&gt;</a>&nbsp;&nbsp;&nbsp;GUI_ALLOC_LockH
<LI><a href="#[1cd]">&gt;&gt;</a>&nbsp;&nbsp;&nbsp;GUI_ALLOC_AllocNoInit
</UL>
<BR>[Called By]<UL><LI><a href="#[1da]">&gt;&gt;</a>&nbsp;&nbsp;&nbsp;GUI_SPRITE_SetPosition
</UL>

<P><STRONG><a name="[246]"></a>_SetBkIndexBuffered</STRONG> (Thumb, 208 bytes, Stack size unknown bytes, GUI_SPRITE.o(.text._SetBkIndexBuffered))
<BR><BR>[Calls]<UL><LI><a href="#[23a]">&gt;&gt;</a>&nbsp;&nbsp;&nbsp;GUI__CompactPixelIndices
</UL>
<BR>[Called By]<UL><LI><a href="#[1da]">&gt;&gt;</a>&nbsp;&nbsp;&nbsp;GUI_SPRITE_SetPosition
</UL>

<P><STRONG><a name="[247]"></a>_ReleaseBuffer.isra.7</STRONG> (Thumb, 140 bytes, Stack size unknown bytes, GUI_SPRITE.o(.text._ReleaseBuffer.isra.7))
<BR><BR>[Calls]<UL><LI><a href="#[23a]">&gt;&gt;</a>&nbsp;&nbsp;&nbsp;GUI__CompactPixelIndices
<LI><a href="#[1d0]">&gt;&gt;</a>&nbsp;&nbsp;&nbsp;GUI_ALLOC_Free
<LI><a href="#[17c]">&gt;&gt;</a>&nbsp;&nbsp;&nbsp;GUI_ALLOC_UnlockH
</UL>
<BR>[Called By]<UL><LI><a href="#[1da]">&gt;&gt;</a>&nbsp;&nbsp;&nbsp;GUI_SPRITE_SetPosition
</UL>

<P><STRONG><a name="[236]"></a>_WriteToActiveAlpha</STRONG> (Thumb, 408 bytes, Stack size unknown bytes, GUIDEV_WriteToActiveAlpha.o(.text._WriteToActiveAlpha))
<BR><BR>[Stack]<UL><LI>Max Depth = 8 + Unknown Stack Size
<LI>Call Chain = _WriteToActiveAlpha &rArr; GUI__AllocAlphaBuffer &rArr; GUI_ALLOC_GetFixedBlock &rArr; _RemoveHoles &rArr; memmove
</UL>
<BR>[Calls]<UL><LI><a href="#[2cd]">&gt;&gt;</a>&nbsp;&nbsp;&nbsp;GUI__CompactPixelIndicesEx
<LI><a href="#[1c9]">&gt;&gt;</a>&nbsp;&nbsp;&nbsp;LCD_DrawBitmap
<LI><a href="#[253]">&gt;&gt;</a>&nbsp;&nbsp;&nbsp;GUI__AllocAlphaBuffer
<LI><a href="#[25c]">&gt;&gt;</a>&nbsp;&nbsp;&nbsp;GUI__DoAlphaBlending
<LI><a href="#[17c]">&gt;&gt;</a>&nbsp;&nbsp;&nbsp;GUI_ALLOC_UnlockH
<LI><a href="#[17b]">&gt;&gt;</a>&nbsp;&nbsp;&nbsp;GUI_ALLOC_LockH
<LI><a href="#[22d]">&gt;&gt;</a>&nbsp;&nbsp;&nbsp;GUI_MEMDEV_GetDataPtr
</UL>
<BR>[Called By]<UL><LI><a href="#[b6]">&gt;&gt;</a>&nbsp;&nbsp;&nbsp;GUI_MEMDEV__WriteToActiveAlpha
</UL>

<P><STRONG><a name="[403]"></a>_fp_digits</STRONG> (Thumb, 366 bytes, Stack size 64 bytes, printfa.o(i._fp_digits), UNUSED)
<BR><BR>[Calls]<UL><LI><a href="#[15c]">&gt;&gt;</a>&nbsp;&nbsp;&nbsp;__aeabi_uldivmod
<LI><a href="#[167]">&gt;&gt;</a>&nbsp;&nbsp;&nbsp;__aeabi_dmul
<LI><a href="#[168]">&gt;&gt;</a>&nbsp;&nbsp;&nbsp;__aeabi_ddiv
<LI><a href="#[161]">&gt;&gt;</a>&nbsp;&nbsp;&nbsp;__aeabi_dadd
<LI><a href="#[3fa]">&gt;&gt;</a>&nbsp;&nbsp;&nbsp;__aeabi_cdrcmple
<LI><a href="#[16f]">&gt;&gt;</a>&nbsp;&nbsp;&nbsp;__aeabi_d2ulz
</UL>
<BR>[Called By]<UL><LI><a href="#[3ef]">&gt;&gt;</a>&nbsp;&nbsp;&nbsp;_printf_core
</UL>

<P><STRONG><a name="[3ef]"></a>_printf_core</STRONG> (Thumb, 1704 bytes, Stack size 136 bytes, printfa.o(i._printf_core), UNUSED)
<BR><BR>[Calls]<UL><LI><a href="#[15c]">&gt;&gt;</a>&nbsp;&nbsp;&nbsp;__aeabi_uldivmod
<LI><a href="#[406]">&gt;&gt;</a>&nbsp;&nbsp;&nbsp;__aeabi_uidivmod
<LI><a href="#[404]">&gt;&gt;</a>&nbsp;&nbsp;&nbsp;_printf_pre_padding
<LI><a href="#[405]">&gt;&gt;</a>&nbsp;&nbsp;&nbsp;_printf_post_padding
<LI><a href="#[403]">&gt;&gt;</a>&nbsp;&nbsp;&nbsp;_fp_digits
</UL>
<BR>[Called By]<UL><LI><a href="#[3ee]">&gt;&gt;</a>&nbsp;&nbsp;&nbsp;__0sprintf
</UL>

<P><STRONG><a name="[405]"></a>_printf_post_padding</STRONG> (Thumb, 36 bytes, Stack size 24 bytes, printfa.o(i._printf_post_padding), UNUSED)
<BR><BR>[Called By]<UL><LI><a href="#[3ef]">&gt;&gt;</a>&nbsp;&nbsp;&nbsp;_printf_core
</UL>

<P><STRONG><a name="[404]"></a>_printf_pre_padding</STRONG> (Thumb, 46 bytes, Stack size 24 bytes, printfa.o(i._printf_pre_padding), UNUSED)
<BR><BR>[Called By]<UL><LI><a href="#[3ef]">&gt;&gt;</a>&nbsp;&nbsp;&nbsp;_printf_core
</UL>

<P><STRONG><a name="[cb]"></a>_sputc</STRONG> (Thumb, 10 bytes, Stack size 0 bytes, printfa.o(i._sputc))
<BR><BR>[Called By]<UL><LI><a href="#[3ee]">&gt;&gt;</a>&nbsp;&nbsp;&nbsp;__0sprintf
</UL>
<BR>[Address Reference Count : 1]<UL><LI> printfa.o(i.__0sprintf)
</UL>
<P><STRONG><a name="[16c]"></a>_local_sscanf</STRONG> (Thumb, 54 bytes, Stack size 56 bytes, strtod.o(.text))
<BR><BR>[Stack]<UL><LI>Max Depth = 160<LI>Call Chain = _local_sscanf &rArr; _scanf_real
</UL>
<BR>[Calls]<UL><LI><a href="#[16d]">&gt;&gt;</a>&nbsp;&nbsp;&nbsp;_scanf_real
</UL>
<BR>[Called By]<UL><LI><a href="#[16e]">&gt;&gt;</a>&nbsp;&nbsp;&nbsp;__strtod_int
</UL>

<P><STRONG><a name="[172]"></a>_fp_value</STRONG> (Thumb, 296 bytes, Stack size 64 bytes, scanf_fp.o(.text), UNUSED)
<BR><BR>[Calls]<UL><LI><a href="#[167]">&gt;&gt;</a>&nbsp;&nbsp;&nbsp;__aeabi_dmul
<LI><a href="#[168]">&gt;&gt;</a>&nbsp;&nbsp;&nbsp;__aeabi_ddiv
<LI><a href="#[173]">&gt;&gt;</a>&nbsp;&nbsp;&nbsp;__aeabi_ul2d
</UL>
<BR>[Called By]<UL><LI><a href="#[174]">&gt;&gt;</a>&nbsp;&nbsp;&nbsp;_scanf_really_real
</UL>
<P>
<H3>
Undefined Global Symbols
</H3><HR></body></html>
